Component: ARM Compiler 5.06 update 6 (build 750) Tool: armlink [4d35ed]

==============================================================================

Section Cross References

    system_stm32f4xx.o(i.SystemCoreClockUpdate) refers to system_stm32f4xx.o(.data) for SystemCoreClock
    system_stm32f4xx.o(i.SystemInit) refers to system_stm32f4xx.o(i.SetSysClock) for SetSysClock
    main.o(i.LED_Config) refers to stm32f4xx_rcc.o(i.RCC_AHB1PeriphClockCmd) for RCC_AHB1PeriphClockCmd
    main.o(i.LED_Config) refers to stm32f4xx_gpio.o(i.GPIO_Init) for GPIO_Init
    main.o(i.main) refers to ugv_pwm.o(i.PWM_Init) for PWM_Init
    main.o(i.main) refers to ugv_timer.o(i.delay_01ms) for delay_01ms
    main.o(i.main) refers to main.o(i.LED_Config) for LED_Config
    main.o(i.main) refers to inputcapture.o(i.INCP_GPIO_config) for INCP_GPIO_config
    main.o(i.main) refers to inputcapture.o(i.INCP_TIMER_CONFIG) for INCP_TIMER_CONFIG
    main.o(i.main) refers to inputcapture.o(i.INCP_CONFIG) for INCP_CONFIG
    main.o(i.main) refers to ugv_can.o(i.CAN_Config) for CAN_Config
    main.o(i.main) refers to ugv_timer.o(i.Timer_TransData) for Timer_TransData
    main.o(i.main) refers to ugv_timer.o(i.Timer_Motor) for Timer_Motor
    main.o(i.main) refers to ugv_timer.o(i.Timer_Control) for Timer_Control
    main.o(i.main) refers to imu_rtxq.o(i.USART6_Rx_DMA) for USART6_Rx_DMA
    main.o(i.main) refers to ugv_watchdog_timer.o(i.IWDG_Config) for IWDG_Config
    utils.o(i.Double2Int) refers to dfix.o(x$fpl$dfix) for __aeabi_d2iz
    utils.o(i.Double2Str) refers to rt_memclr_w.o(.text) for __aeabi_memclr4
    utils.o(i.Double2Str) refers to dfix.o(x$fpl$dfix) for __aeabi_d2iz
    utils.o(i.Double2Str) refers to drleqf.o(x$fpl$drleqf) for __aeabi_cdrcmple
    utils.o(i.Double2Str) refers to dflt_clz.o(x$fpl$dflt) for __aeabi_i2d
    utils.o(i.Double2Str) refers to daddsub_clz.o(x$fpl$drsb) for __aeabi_drsub
    utils.o(i.Double2Str) refers to basic.o(x$fpl$basic) for __aeabi_dneg
    utils.o(i.Double2Str) refers to dleqf.o(x$fpl$dleqf) for __aeabi_cdcmple
    utils.o(i.Double2Str) refers to utils.o(i.Int2Str) for Int2Str
    utils.o(i.Double2Str) refers to dflt_clz.o(x$fpl$dfltu) for __aeabi_ui2d
    utils.o(i.Double2Str) refers to pow.o(i.__hardfp_pow) for __hardfp_pow
    utils.o(i.Double2Str) refers to dmul.o(x$fpl$dmul) for __aeabi_dmul
    utils.o(i.Double2Str) refers to dfixu.o(x$fpl$dfixu) for __aeabi_d2uiz
    utils.o(i.Str2Double) refers to atof.o(i.__hardfp_atof) for __hardfp_atof
    utils.o(i.Str2Double_Dev) refers to dflt_clz.o(x$fpl$dflt) for __aeabi_i2d
    utils.o(i.Str2Double_Dev) refers to pow.o(i.__hardfp_pow) for __hardfp_pow
    utils.o(i.Str2Double_Dev) refers to dmul.o(x$fpl$dmul) for __aeabi_dmul
    utils.o(i.Str2Double_Dev) refers to daddsub_clz.o(x$fpl$dadd) for __aeabi_dadd
    utils.o(i.Str2Double_Dev) refers to ddiv.o(x$fpl$ddiv) for __aeabi_ddiv
    utils.o(i.String_RemoveCRLF) refers to utils.o(i.String_Clear) for String_Clear
    utils.o(i.String_RemoveVT) refers to utils.o(i.String_Clear) for String_Clear
    utils.o(i.String_Split) refers to strlen.o(.text) for strlen
    utils.o(i.String_Split) refers to rt_memclr.o(.text) for __aeabi_memclr
    utils.o(i.parseData) refers to h1_alloc.o(.text) for malloc
    utils.o(i.parseData) refers to atoi.o(.text) for atoi
    utils.o(i.parseData) refers to h1_free.o(.text) for free
    startup_stm32f40xx.o(STACK) refers (Special) to heapauxi.o(.text) for __use_two_region_memory
    startup_stm32f40xx.o(HEAP) refers (Special) to heapauxi.o(.text) for __use_two_region_memory
    startup_stm32f40xx.o(RESET) refers (Special) to heapauxi.o(.text) for __use_two_region_memory
    startup_stm32f40xx.o(RESET) refers to startup_stm32f40xx.o(STACK) for __initial_sp
    startup_stm32f40xx.o(RESET) refers to startup_stm32f40xx.o(.text) for Reset_Handler
    startup_stm32f40xx.o(RESET) refers to stm32f4xx_it.o(i.NMI_Handler) for NMI_Handler
    startup_stm32f40xx.o(RESET) refers to stm32f4xx_it.o(i.HardFault_Handler) for HardFault_Handler
    startup_stm32f40xx.o(RESET) refers to stm32f4xx_it.o(i.MemManage_Handler) for MemManage_Handler
    startup_stm32f40xx.o(RESET) refers to stm32f4xx_it.o(i.BusFault_Handler) for BusFault_Handler
    startup_stm32f40xx.o(RESET) refers to stm32f4xx_it.o(i.UsageFault_Handler) for UsageFault_Handler
    startup_stm32f40xx.o(RESET) refers to stm32f4xx_it.o(i.SVC_Handler) for SVC_Handler
    startup_stm32f40xx.o(RESET) refers to stm32f4xx_it.o(i.DebugMon_Handler) for DebugMon_Handler
    startup_stm32f40xx.o(RESET) refers to stm32f4xx_it.o(i.PendSV_Handler) for PendSV_Handler
    startup_stm32f40xx.o(RESET) refers to stm32f4xx_it.o(i.SysTick_Handler) for SysTick_Handler
    startup_stm32f40xx.o(RESET) refers to ugv_can.o(i.CAN1_RX0_IRQHandler) for CAN1_RX0_IRQHandler
    startup_stm32f40xx.o(RESET) refers to inputcapture.o(i.TIM3_IRQHandler) for TIM3_IRQHandler
[...]
    i.RCC_GetClocksFreq                      0x08002fe8   Section        0  stm32f4xx_rcc.o(i.RCC_GetClocksFreq)
    i.SVC_Handler                            0x080030d0   Section        0  stm32f4xx_it.o(i.SVC_Handler)
    i.SetSysClock                            0x080030d4   Section        0  system_stm32f4xx.o(i.SetSysClock)
    SetSysClock                              0x080030d5   Thumb Code   220  system_stm32f4xx.o(i.SetSysClock)
    i.Str2Double                             0x080031c0   Section        0  utils.o(i.Str2Double)
    i.String_Split                           0x080031cc   Section        0  utils.o(i.String_Split)
    i.SysTick_Handler                        0x08003228   Section        0  stm32f4xx_it.o(i.SysTick_Handler)
    i.SystemInit                             0x0800322c   Section        0  system_stm32f4xx.o(i.SystemInit)
    i.TI1_Config                             0x08003294   Section        0  stm32f4xx_tim.o(i.TI1_Config)
    TI1_Config                               0x08003295   Thumb Code    58  stm32f4xx_tim.o(i.TI1_Config)
    i.TI2_Config                             0x080032ce   Section        0  stm32f4xx_tim.o(i.TI2_Config)
    TI2_Config                               0x080032cf   Thumb Code    80  stm32f4xx_tim.o(i.TI2_Config)
    i.TI3_Config                             0x0800331e   Section        0  stm32f4xx_tim.o(i.TI3_Config)
    TI3_Config                               0x0800331f   Thumb Code    72  stm32f4xx_tim.o(i.TI3_Config)
    i.TI4_Config                             0x08003366   Section        0  stm32f4xx_tim.o(i.TI4_Config)
    TI4_Config                               0x08003367   Thumb Code    80  stm32f4xx_tim.o(i.TI4_Config)
    i.TIM3_IRQHandler                        0x080033b8   Section        0  inputcapture.o(i.TIM3_IRQHandler)
    i.TIM4_IRQHandler                        0x080033f8   Section        0  inputcapture.o(i.TIM4_IRQHandler)
    i.TIM5_IRQHandler                        0x08003438   Section        0  ugv_timer.o(i.TIM5_IRQHandler)
    i.TIM6_DAC_IRQHandler                    0x0800346c   Section        0  ugv_timer.o(i.TIM6_DAC_IRQHandler)
    i.TIM7_IRQHandler                        0x080034e4   Section        0  ugv_timer.o(i.TIM7_IRQHandler)
    i.TIM8_UP_TIM13_IRQHandler               0x08003514   Section        0  ugv_timer.o(i.TIM8_UP_TIM13_IRQHandler)
    i.TIM_ARRPreloadConfig                   0x0800353c   Section        0  stm32f4xx_tim.o(i.TIM_ARRPreloadConfig)
    i.TIM_ClearITPendingBit                  0x08003554   Section        0  stm32f4xx_tim.o(i.TIM_ClearITPendingBit)
    i.TIM_Cmd                                0x0800355a   Section        0  stm32f4xx_tim.o(i.TIM_Cmd)
    i.TIM_GetITStatus                        0x08003572   Section        0  stm32f4xx_tim.o(i.TIM_GetITStatus)
    i.TIM_ICInit                             0x08003594   Section        0  stm32f4xx_tim.o(i.TIM_ICInit)
    i.TIM_ITConfig                           0x08003602   Section        0  stm32f4xx_tim.o(i.TIM_ITConfig)
    i.TIM_OC1Init                            0x08003614   Section        0  stm32f4xx_tim.o(i.TIM_OC1Init)
    i.TIM_OC1PreloadConfig                   0x08003690   Section        0  stm32f4xx_tim.o(i.TIM_OC1PreloadConfig)
    i.TIM_OC2Init                            0x080036a4   Section        0  stm32f4xx_tim.o(i.TIM_OC2Init)
    i.TIM_OC2PreloadConfig                   0x08003748   Section        0  stm32f4xx_tim.o(i.TIM_OC2PreloadConfig)
    i.TIM_SetIC1Prescaler                    0x08003762   Section        0  stm32f4xx_tim.o(i.TIM_SetIC1Prescaler)
    i.TIM_SetIC2Prescaler                    0x08003774   Section        0  stm32f4xx_tim.o(i.TIM_SetIC2Prescaler)
    i.TIM_SetIC3Prescaler                    0x0800378e   Section        0  stm32f4xx_tim.o(i.TIM_SetIC3Prescaler)
    i.TIM_SetIC4Prescaler                    0x080037a0   Section        0  stm32f4xx_tim.o(i.TIM_SetIC4Prescaler)
    i.TIM_TimeBaseInit                       0x080037bc   Section        0  stm32f4xx_tim.o(i.TIM_TimeBaseInit)
    i.Timer_Control                          0x08003840   Section        0  ugv_timer.o(i.Timer_Control)
    i.Timer_Motor                            0x080038a8   Section        0  ugv_timer.o(i.Timer_Motor)
    i.Timer_TransData                        0x08003930   Section        0  ugv_timer.o(i.Timer_TransData)
    i.USART6_Rx_DMA                          0x08003994   Section        0  imu_rtxq.o(i.USART6_Rx_DMA)
    i.USART_Cmd                              0x08003ab4   Section        0  stm32f4xx_usart.o(i.USART_Cmd)
    i.USART_DMACmd                           0x08003acc   Section        0  stm32f4xx_usart.o(i.USART_DMACmd)
    i.USART_Init                             0x08003ae0   Section        0  stm32f4xx_usart.o(i.USART_Init)
    i.UsageFault_Handler                     0x08003bb4   Section        0  stm32f4xx_it.o(i.UsageFault_Handler)
    i.__hardfp___mathlib_tofloat             0x08003bb8   Section        0  narrow.o(i.__hardfp___mathlib_tofloat)
    i.__hardfp_atof                          0x08003cb0   Section        0  atof.o(i.__hardfp_atof)
    i.__hardfp_ldexp                         0x08003ce8   Section        0  ldexp.o(i.__hardfp_ldexp)
    i.__mathlib_dbl_overflow                 0x08003db8   Section        0  dunder.o(i.__mathlib_dbl_overflow)
    i.__mathlib_dbl_underflow                0x08003dd8   Section        0  dunder.o(i.__mathlib_dbl_underflow)
    i.__mathlib_narrow                       0x08003df8   Section        0  narrow.o(i.__mathlib_narrow)
    i.__support_ldexp                        0x08003e0a   Section        0  ldexp.o(i.__support_ldexp)
    i._is_digit                              0x08003e1e   Section        0  scanf_fp.o(i._is_digit)
    i.delay_01ms                             0x08003e2c   Section        0  ugv_timer.o(i.delay_01ms)
    i.frexp                                  0x08003e88   Section        0  frexp.o(i.frexp)
    i.main                                   0x08003f14   Section        0  main.o(i.main)
    locale$$code                             0x08003f58   Section       44  lc_numeric_c.o(locale$$code)
    locale$$code                             0x08003f84   Section       44  lc_ctype_c.o(locale$$code)
    x$fpl$basic                              0x08003fb0   Section       24  basic.o(x$fpl$basic)
    $v0                                      0x08003fb0   Number         0  basic.o(x$fpl$basic)
    x$fpl$d2f                                0x08003fc8   Section       98  d2f.o(x$fpl$d2f)
    $v0                                      0x08003fc8   Number         0  d2f.o(x$fpl$d2f)
    x$fpl$dadd                               0x0800402c   Section      336  daddsub_clz.o(x$fpl$dadd)
    $v0                                      0x0800402c   Number         0  daddsub_clz.o(x$fpl$dadd)
    _dadd1                                   0x0800403d   Thumb Code     0  daddsub_clz.o(x$fpl$dadd)
    x$fpl$dcheck1                            0x0800417c   Section       16  dcheck1.o(x$fpl$dcheck1)
    $v0                                      0x0800417c   Number         0  dcheck1.o(x$fpl$dcheck1)
    x$fpl$dcmpinf                            0x0800418c   Section       24  dcmpi.o(x$fpl$dcmpinf)
    $v0                                      0x0800418c   Number         0  dcmpi.o(x$fpl$dcmpinf)
    x$fpl$ddiv                               0x080041a4   Section      688  ddiv.o(x$fpl$ddiv)
    $v0                                      0x080041a4   Number         0  ddiv.o(x$fpl$ddiv)
    ddiv_entry                               0x080041ab   Thumb Code     0  ddiv.o(x$fpl$ddiv)
    x$fpl$deqf                               0x08004454   Section      120  deqf.o(x$fpl$deqf)
    $v0                                      0x08004454   Number         0  deqf.o(x$fpl$deqf)
    x$fpl$dfix                               0x080044cc   Section       94  dfix.o(x$fpl$dfix)
    $v0                                      0x080044cc   Number         0  dfix.o(x$fpl$dfix)
    x$fpl$dflt                               0x0800452a   Section       46  dflt_clz.o(x$fpl$dflt)
    $v0                                      0x0800452a   Number         0  dflt_clz.o(x$fpl$dflt)
    x$fpl$dleqf                              0x08004558   Section      120  dleqf.o(x$fpl$dleqf)
    $v0                                      0x08004558   Number         0  dleqf.o(x$fpl$dleqf)
    x$fpl$dmul                               0x080045d0   Section      340  dmul.o(x$fpl$dmul)
    $v0                                      0x080045d0   Number         0  dmul.o(x$fpl$dmul)
    x$fpl$dnaninf                            0x08004724   Section      156  dnaninf.o(x$fpl$dnaninf)
    $v0                                      0x08004724   Number         0  dnaninf.o(x$fpl$dnaninf)
    x$fpl$dretinf                            0x080047c0   Section       12  dretinf.o(x$fpl$dretinf)
    $v0                                      0x080047c0   Number         0  dretinf.o(x$fpl$dretinf)
    x$fpl$drleqf                             0x080047cc   Section      108  drleqf.o(x$fpl$drleqf)
    $v0                                      0x080047cc   Number         0  drleqf.o(x$fpl$drleqf)
    x$fpl$drsb                               0x08004838   Section       22  daddsub_clz.o(x$fpl$drsb)
    $v0                                      0x08004838   Number         0  daddsub_clz.o(x$fpl$drsb)
    x$fpl$dsub                               0x08004850   Section      468  daddsub_clz.o(x$fpl$dsub)
    $v0                                      0x08004850   Number         0  daddsub_clz.o(x$fpl$dsub)
    _dsub1                                   0x08004861   Thumb Code     0  daddsub_clz.o(x$fpl$dsub)
    x$fpl$f2d                                0x08004a24   Section       86  f2d.o(x$fpl$f2d)
    $v0                                      0x08004a24   Number         0  f2d.o(x$fpl$f2d)
    x$fpl$fnaninf                            0x08004a7a   Section      140  fnaninf.o(x$fpl$fnaninf)
    $v0                                      0x08004a7a   Number         0  fnaninf.o(x$fpl$fnaninf)
    x$fpl$fpinit                             0x08004b06   Section       10  fpinit.o(x$fpl$fpinit)
    $v0                                      0x08004b06   Number         0  fpinit.o(x$fpl$fpinit)
    x$fpl$fretinf                            0x08004b10   Section       10  fretinf.o(x$fpl$fretinf)
    $v0                                      0x08004b10   Number         0  fretinf.o(x$fpl$fretinf)
    x$fpl$ieeestatus                         0x08004b1a   Section        6  istatus.o(x$fpl$ieeestatus)
    $v0                                      0x08004b1a   Number         0  istatus.o(x$fpl$ieeestatus)
    x$fpl$retnan                             0x08004b20   Section      100  retnan.o(x$fpl$retnan)
    $v0                                      0x08004b20   Number         0  retnan.o(x$fpl$retnan)
    x$fpl$scalbn                             0x08004b84   Section       92  scalbn.o(x$fpl$scalbn)
    $v0                                      0x08004b84   Number         0  scalbn.o(x$fpl$scalbn)
    x$fpl$scanf1                             0x08004be0   Section        4  scanf1.o(x$fpl$scanf1)
    $v0                                      0x08004be0   Number         0  scanf1.o(x$fpl$scanf1)
    x$fpl$scanf2                             0x08004be4   Section        8  scanf2.o(x$fpl$scanf2)
    $v0                                      0x08004be4   Number         0  scanf2.o(x$fpl$scanf2)
    x$fpl$trapveneer                         0x08004bec   Section       48  trapv.o(x$fpl$trapveneer)
    $v0                                      0x08004bec   Number         0  trapv.o(x$fpl$trapveneer)
    .constdata                               0x08004c1c   Section      148  bigflt0.o(.constdata)
    x$fpl$usenofp                            0x08004c1c   Section        0  usenofp.o(x$fpl$usenofp)
    tenpwrs_x                                0x08004c1c   Data          60  bigflt0.o(.constdata)
    tenpwrs_i                                0x08004c58   Data          64  bigflt0.o(.constdata)
    c$$dinf                                  0x08004cd0   Section        8  fpconst.o(c$$dinf)
    c$$dmax                                  0x08004cd8   Section        8  fpconst.o(c$$dmax)
    locale$$data                             0x08004ce0   Section       28  lc_numeric_c.o(locale$$data)
    __lcnum_c_name                           0x08004ce4   Data           2  lc_numeric_c.o(locale$$data)
    __lcnum_c_start                          0x08004cec   Data           0  lc_numeric_c.o(locale$$data)
    __lcnum_c_point                          0x08004cf8   Data           0  lc_numeric_c.o(locale$$data)
    __lcnum_c_thousands                      0x08004cfa   Data           0  lc_numeric_c.o(locale$$data)
    __lcnum_c_grouping                       0x08004cfb   Data           0  lc_numeric_c.o(locale$$data)
    locale$$data                             0x08004cfc   Section      272  lc_ctype_c.o(locale$$data)
    __lcnum_c_end                            0x08004cfc   Data           0  lc_numeric_c.o(locale$$data)
    __lcctype_c_name                         0x08004d00   Data           2  lc_ctype_c.o(locale$$data)
    __lcctype_c_start                        0x08004d08   Data           0  lc_ctype_c.o(locale$$data)
    __lcctype_c_end                          0x08004e0c   Data           0  lc_ctype_c.o(locale$$data)
    .data                                    0x20000000   Section       16  stm32f4xx_rcc.o(.data)
    APBAHBPrescTable                         0x20000000   Data          16  stm32f4xx_rcc.o(.data)
    .data                                    0x20000010   Section      168  ugv_pwm.o(.data)
    .data                                    0x200000b8   Section       44  ugv_can.o(.data)
    .data                                    0x200000e4   Section       18  ugv_timer.o(.data)
    .data                                    0x200000f8   Section       12  inputcapture.o(.data)
    .data                                    0x20000104   Section       56  imu_rtxq.o(.data)
    .bss                                     0x20000140   Section       88  ugv_pwm.o(.bss)
    .bss                                     0x20000198   Section       20  ugv_can.o(.bss)
    .bss                                     0x200001ac   Section      172  ugv_timer.o(.bss)
    .bss                                     0x20000258   Section       22  inputcapture.o(.bss)
    .bss                                     0x2000026e   Section      212  imu_rtxq.o(.bss)
    .bss                                     0x20000344   Section       96  libspace.o(.bss)
    HEAP                                     0x200003a8   Section      512  startup_stm32f40xx.o(HEAP)
    Heap_Mem                                 0x200003a8   Data         512  startup_stm32f40xx.o(HEAP)
    STACK                                    0x200005a8   Section     1024  startup_stm32f40xx.o(STACK)
    Stack_Mem                                0x200005a8   Data        1024  startup_stm32f40xx.o(STACK)
    __initial_sp                             0x200009a8   Data           0  startup_stm32f40xx.o(STACK)

    Global Symbols

    Symbol Name                              Value     Ov Type        Size  Object(Section)

    BuildAttributes$$THM_ISAv4$E$P$D$K$B$S$7EM$VFPi3$EXTD16$VFPS$VFMA$PE$A:L22UL41UL21$X:L11$S22US41US21$IEEE1$IW$USESV6$~STKCKD$USESV7$~SHL$OTIME$ROPI$IEEEX$EBA8$UX$STANDARDLIB$REQ8$PRES8$EABIv2 0x00000000   Number         0  anon$$obj.o ABSOLUTE
    __ARM_use_no_argv                        0x00000000   Number         0  main.o ABSOLUTE
    __ARM_exceptions_init                     - Undefined Weak Reference
    __alloca_initialize                       - Undefined Weak Reference
    __arm_preinit_                            - Undefined Weak Reference
    __cpp_initialize__aeabi_                  - Undefined Weak Reference
    __cxa_finalize                            - Undefined Weak Reference
    __sigvec_lookup                           - Undefined Weak Reference
    __user_heap_extent                        - Undefined Weak Reference
    _atexit_init                              - Undefined Weak Reference
    _call_atexit_fns                          - Undefined Weak Reference
    _clock_init                               - Undefined Weak Reference
    _fp_trap_init                             - Undefined Weak Reference
    _fp_trap_shutdown                         - Undefined Weak Reference
    _get_lc_collate                           - Undefined Weak Reference
    _get_lc_monetary                          - Undefined Weak Reference
    _get_lc_time                              - Undefined Weak Reference
    _getenv_init                              - Undefined Weak Reference
    _handle_redirection                       - Undefined Weak Reference
    _initio                                   - Undefined Weak Reference
    _mutex_acquire                            - Undefined Weak Reference
    _mutex_free                               - Undefined Weak Reference
    _mutex_release                            - Undefined Weak Reference
    _rand_init                                - Undefined Weak Reference
    _signal_finish                            - Undefined Weak Reference
    _signal_init                              - Undefined Weak Reference
    _terminateio                              - Undefined Weak Reference
    __Vectors_Size                           0x00000188   Number         0  startup_stm32f40xx.o ABSOLUTE
    __Vectors                                0x08000000   Data           4  startup_stm32f40xx.o(RESET)
    __Vectors_End                            0x08000188   Data           0  startup_stm32f40xx.o(RESET)
    __main                                   0x08000189   Thumb Code     8  __main.o(!!!main)
    __scatterload                            0x08000191   Thumb Code     0  __scatter.o(!!!scatter)
    __scatterload_rt2                        0x08000191   Thumb Code    44  __scatter.o(!!!scatter)
    __scatterload_rt2_thumb_only             0x08000191   Thumb Code     0  __scatter.o(!!!scatter)
    __scatterload_null                       0x0800019f   Thumb Code     0  __scatter.o(!!!scatter)
    __decompress                             0x080001c5   Thumb Code    90  __dczerorl2.o(!!dczerorl2)
    __decompress1                            0x080001c5   Thumb Code     0  __dczerorl2.o(!!dczerorl2)
    __scatterload_zeroinit                   0x08000221   Thumb Code    28  __scatter_zi.o(!!handler_zi)
    __rt_lib_init                            0x0800023d   Thumb Code     0  libinit.o(.ARM.Collect$$libinit$$00000000)
    __rt_lib_init_fp_1                       0x0800023f   Thumb Code     0  libinit2.o(.ARM.Collect$$libinit$$00000001)
    __rt_lib_init_heap_1                     0x08000243   Thumb Code     0  libinit2.o(.ARM.Collect$$libinit$$0000000A)
    __rt_lib_init_lc_common                  0x08000243   Thumb Code     0  libinit2.o(.ARM.Collect$$libinit$$0000000F)
    __rt_lib_init_preinit_1                  0x08000243   Thumb Code     0  libinit2.o(.ARM.Collect$$libinit$$00000004)
    __rt_lib_init_rand_1                     0x08000243   Thumb Code     0  libinit2.o(.ARM.Collect$$libinit$$0000000E)
    __rt_lib_init_user_alloc_1               0x08000243   Thumb Code     0  libinit2.o(.ARM.Collect$$libinit$$0000000C)
    __rt_lib_init_lc_collate_1               0x08000249   Thumb Code     0  libinit2.o(.ARM.Collect$$libinit$$00000011)
    __rt_lib_init_lc_ctype_2                 0x08000249   Thumb Code     0  libinit2.o(.ARM.Collect$$libinit$$00000012)
    __rt_lib_init_lc_ctype_1                 0x08000255   Thumb Code     0  libinit2.o(.ARM.Collect$$libinit$$00000013)
    __rt_lib_init_lc_monetary_1              0x08000255   Thumb Code     0  libinit2.o(.ARM.Collect$$libinit$$00000015)
    __rt_lib_init_lc_numeric_2               0x08000255   Thumb Code     0  libinit2.o(.ARM.Collect$$libinit$$00000016)
    __rt_lib_init_alloca_1                   0x0800025f   Thumb Code     0  libinit2.o(.ARM.Collect$$libinit$$0000002E)
    __rt_lib_init_argv_1                     0x0800025f   Thumb Code     0  libinit2.o(.ARM.Collect$$libinit$$0000002C)
    __rt_lib_init_atexit_1                   0x0800025f   Thumb Code     0  libinit2.o(.ARM.Collect$$libinit$$0000001B)
    __rt_lib_init_clock_1                    0x0800025f   Thumb Code     0  libinit2.o(.ARM.Collect$$libinit$$00000021)
    __rt_lib_init_cpp_1                      0x0800025f   Thumb Code     0  libinit2.o(.ARM.Collect$$libinit$$00000032)
    __rt_lib_init_exceptions_1               0x0800025f   Thumb Code     0  libinit2.o(.ARM.Collect$$libinit$$00000030)
    __rt_lib_init_fp_trap_1                  0x0800025f   Thumb Code     0  libinit2.o(.ARM.Collect$$libinit$$0000001F)
    __rt_lib_init_getenv_1                   0x0800025f   Thumb Code     0  libinit2.o(.ARM.Collect$$libinit$$00000023)
    __rt_lib_init_lc_numeric_1               0x0800025f   Thumb Code     0  libinit2.o(.ARM.Collect$$libinit$$00000017)
    __rt_lib_init_lc_time_1                  0x0800025f   Thumb Code     0  libinit2.o(.ARM.Collect$$libinit$$00000019)
    __rt_lib_init_return                     0x0800025f   Thumb Code     0  libinit2.o(.ARM.Collect$$libinit$$00000033)
    __rt_lib_init_signal_1                   0x0800025f   Thumb Code     0  libinit2.o(.ARM.Collect$$libinit$$0000001D)
    __rt_lib_init_stdio_1                    0x0800025f   Thumb Code     0  libinit2.o(.ARM.Collect$$libinit$$00000025)
    __rt_lib_shutdown                        0x08000261   Thumb Code     0  libshutdown.o(.ARM.Collect$$libshutdown$$00000000)
    __rt_lib_shutdown_cpp_1                  0x08000263   Thumb Code     0  libshutdown2.o(.ARM.Collect$$libshutdown$$00000002)
    __rt_lib_shutdown_fp_trap_1              0x08000263   Thumb Code     0  libshutdown2.o(.ARM.Collect$$libshutdown$$00000007)
    __rt_lib_shutdown_heap_1                 0x08000263   Thumb Code     0  libshutdown2.o(.ARM.Collect$$libshutdown$$0000000F)
    __rt_lib_shutdown_return                 0x08000263   Thumb Code     0  libshutdown2.o(.ARM.Collect$$libshutdown$$00000010)
    __rt_lib_shutdown_signal_1               0x08000263   Thumb Code     0  libshutdown2.o(.ARM.Collect$$libshutdown$$0000000A)
    __rt_lib_shutdown_stdio_1                0x08000263   Thumb Code     0  libshutdown2.o(.ARM.Collect$$libshutdown$$00000004)
    __rt_lib_shutdown_user_alloc_1           0x08000263   Thumb Code     0  libshutdown2.o(.ARM.Collect$$libshutdown$$0000000C)
    __rt_entry                               0x08000265   Thumb Code     0  __rtentry.o(.ARM.Collect$$rtentry$$00000000)
    __rt_entry_presh_1                       0x08000265   Thumb Code     0  __rtentry2.o(.ARM.Collect$$rtentry$$00000002)
    __rt_entry_sh                            0x08000265   Thumb Code     0  __rtentry4.o(.ARM.Collect$$rtentry$$00000004)
    __rt_entry_li                            0x0800026b   Thumb Code     0  __rtentry2.o(.ARM.Collect$$rtentry$$0000000A)
    __rt_entry_postsh_1                      0x0800026b   Thumb Code     0  __rtentry2.o(.ARM.Collect$$rtentry$$00000009)
    __rt_entry_main                          0x0800026f   Thumb Code     0  __rtentry2.o(.ARM.Collect$$rtentry$$0000000D)
    __rt_entry_postli_1                      0x0800026f   Thumb Code     0  __rtentry2.o(.ARM.Collect$$rtentry$$0000000C)
    __rt_exit                                0x08000277   Thumb Code     0  rtexit.o(.ARM.Collect$$rtexit$$00000000)
    __rt_exit_ls                             0x08000279   Thumb Code     0  rtexit2.o(.ARM.Collect$$rtexit$$00000003)
    __rt_exit_prels_1                        0x08000279   Thumb Code     0  rtexit2.o(.ARM.Collect$$rtexit$$00000002)
    __rt_exit_exit                           0x0800027d   Thumb Code     0  rtexit2.o(.ARM.Collect$$rtexit$$00000004)
    Reset_Handler                            0x08000285   Thumb Code     8  startup_stm32f40xx.o(.text)
    ADC_IRQHandler                           0x0800029f   Thumb Code     0  startup_stm32f40xx.o(.text)
    CAN1_RX1_IRQHandler                      0x0800029f   Thumb Code     0  startup_stm32f40xx.o(.text)
    CAN1_SCE_IRQHandler                      0x0800029f   Thumb Code     0  startup_stm32f40xx.o(.text)
    CAN1_TX_IRQHandler                       0x0800029f   Thumb Code     0  startup_stm32f40xx.o(.text)
    CAN2_RX0_IRQHandler                      0x0800029f   Thumb Code     0  startup_stm32f40xx.o(.text)
    CAN2_RX1_IRQHandler                      0x0800029f   Thumb Code     0  startup_stm32f40xx.o(.text)
    CAN2_SCE_IRQHandler                      0x0800029f   Thumb Code     0  startup_stm32f40xx.o(.text)
    CAN2_TX_IRQHandler                       0x0800029f   Thumb Code     0  startup_stm32f40xx.o(.text)
    CRYP_IRQHandler                          0x0800029f   Thumb Code     0  startup_stm32f40xx.o(.text)
    DCMI_IRQHandler                          0x0800029f   Thumb Code     0  startup_stm32f40xx.o(.text)
    DMA1_Stream0_IRQHandler                  0x0800029f   Thumb Code     0  startup_stm32f40xx.o(.text)
    DMA1_Stream1_IRQHandler                  0x0800029f   Thumb Code     0  startup_stm32f40xx.o(.text)
    DMA1_Stream2_IRQHandler                  0x0800029f   Thumb Code     0  startup_stm32f40xx.o(.text)
    DMA1_Stream3_IRQHandler                  0x0800029f   Thumb Code     0  startup_stm32f40xx.o(.text)
    DMA1_Stream4_IRQHandler                  0x0800029f   Thumb Code     0  startup_stm32f40xx.o(.text)
    DMA1_Stream5_IRQHandler                  0x0800029f   Thumb Code     0  startup_stm32f40xx.o(.text)
    DMA1_Stream6_IRQHandler                  0x0800029f   Thumb Code     0  startup_stm32f40xx.o(.text)
    DMA1_Stream7_IRQHandler                  0x0800029f   Thumb Code     0  startup_stm32f40xx.o(.text)
    DMA2_Stream0_IRQHandler                  0x0800029f   Thumb Code     0  startup_stm32f40xx.o(.text)
    DMA2_Stream2_IRQHandler                  0x0800029f   Thumb Code     0  startup_stm32f40xx.o(.text)
    DMA2_Stream3_IRQHandler                  0x0800029f   Thumb Code     0  startup_stm32f40xx.o(.text)
    DMA2_Stream4_IRQHandler                  0x0800029f   Thumb Code     0  startup_stm32f40xx.o(.text)
    DMA2_Stream5_IRQHandler                  0x0800029f   Thumb Code     0  startup_stm32f40xx.o(.text)
    DMA2_Stream6_IRQHandler                  0x0800029f   Thumb Code     0  startup_stm32f40xx.o(.text)
    DMA2_Stream7_IRQHandler                  0x0800029f   Thumb Code     0  startup_stm32f40xx.o(.text)
    ETH_IRQHandler                           0x0800029f   Thumb Code     0  startup_stm32f40xx.o(.text)
    ETH_WKUP_IRQHandler                      0x0800029f   Thumb Code     0  startup_stm32f40xx.o(.text)
    EXTI0_IRQHandler                         0x0800029f   Thumb Code     0  startup_stm32f40xx.o(.text)
    EXTI15_10_IRQHandler                     0x0800029f   Thumb Code     0  startup_stm32f40xx.o(.text)
    EXTI1_IRQHandler                         0x0800029f   Thumb Code     0  startup_stm32f40xx.o(.text)
    EXTI2_IRQHandler                         0x0800029f   Thumb Code     0  startup_stm32f40xx.o(.text)
    EXTI3_IRQHandler                         0x0800029f   Thumb Code     0  startup_stm32f40xx.o(.text)
    EXTI4_IRQHandler                         0x0800029f   Thumb Code     0  startup_stm32f40xx.o(.text)
    EXTI9_5_IRQHandler                       0x0800029f   Thumb Code     0  startup_stm32f40xx.o(.text)
    FLASH_IRQHandler                         0x0800029f   Thumb Code     0  startup_stm32f40xx.o(.text)
    FPU_IRQHandler                           0x0800029f   Thumb Code     0  startup_stm32f40xx.o(.text)
    FSMC_IRQHandler                          0x0800029f   Thumb Code     0  startup_stm32f40xx.o(.text)
    HASH_RNG_IRQHandler                      0x0800029f   Thumb Code     0  startup_stm32f40xx.o(.text)
    I2C1_ER_IRQHandler                       0x0800029f   Thumb Code     0  startup_stm32f40xx.o(.text)
    I2C1_EV_IRQHandler                       0x0800029f   Thumb Code     0  startup_stm32f40xx.o(.text)
    I2C2_ER_IRQHandler                       0x0800029f   Thumb Code     0  startup_stm32f40xx.o(.text)
    I2C2_EV_IRQHandler                       0x0800029f   Thumb Code     0  startup_stm32f40xx.o(.text)
    I2C3_ER_IRQHandler                       0x0800029f   Thumb Code     0  startup_stm32f40xx.o(.text)
    I2C3_EV_IRQHandler                       0x0800029f   Thumb Code     0  startup_stm32f40xx.o(.text)
    OTG_FS_IRQHandler                        0x0800029f   Thumb Code     0  startup_stm32f40xx.o(.text)
    OTG_FS_WKUP_IRQHandler                   0x0800029f   Thumb Code     0  startup_stm32f40xx.o(.text)
    OTG_HS_EP1_IN_IRQHandler                 0x0800029f   Thumb Code     0  startup_stm32f40xx.o(.text)
    OTG_HS_EP1_OUT_IRQHandler                0x0800029f   Thumb Code     0  startup_stm32f40xx.o(.text)
    OTG_HS_IRQHandler                        0x0800029f   Thumb Code     0  startup_stm32f40xx.o(.text)
    OTG_HS_WKUP_IRQHandler                   0x0800029f   Thumb Code     0  startup_stm32f40xx.o(.text)
    PVD_IRQHandler                           0x0800029f   Thumb Code     0  startup_stm32f40xx.o(.text)
    RCC_IRQHandler                           0x0800029f   Thumb Code     0  startup_stm32f40xx.o(.text)
    RTC_Alarm_IRQHandler                     0x0800029f   Thumb Code     0  startup_stm32f40xx.o(.text)
    RTC_WKUP_IRQHandler                      0x0800029f   Thumb Code     0  startup_stm32f40xx.o(.text)
    SDIO_IRQHandler                          0x0800029f   Thumb Code     0  startup_stm32f40xx.o(.text)
    SPI1_IRQHandler                          0x0800029f   Thumb Code     0  startup_stm32f40xx.o(.text)
    SPI2_IRQHandler                          0x0800029f   Thumb Code     0  startup_stm32f40xx.o(.text)
    SPI3_IRQHandler                          0x0800029f   Thumb Code     0  startup_stm32f40xx.o(.text)
    TAMP_STAMP_IRQHandler                    0x0800029f   Thumb Code     0  startup_stm32f40xx.o(.text)
    TIM1_BRK_TIM9_IRQHandler                 0x0800029f   Thumb Code     0  startup_stm32f40xx.o(.text)
    TIM1_CC_IRQHandler                       0x0800029f   Thumb Code     0  startup_stm32f40xx.o(.text)
    TIM1_TRG_COM_TIM11_IRQHandler            0x0800029f   Thumb Code     0  startup_stm32f40xx.o(.text)
    TIM1_UP_TIM10_IRQHandler                 0x0800029f   Thumb Code     0  startup_stm32f40xx.o(.text)
    TIM2_IRQHandler                          0x0800029f   Thumb Code     0  startup_stm32f40xx.o(.text)
    TIM8_BRK_TIM12_IRQHandler                0x0800029f   Thumb Code     0  startup_stm32f40xx.o(.text)
    TIM8_CC_IRQHandler                       0x0800029f   Thumb Code     0  startup_stm32f40xx.o(.text)
    TIM8_TRG_COM_TIM14_IRQHandler            0x0800029f   Thumb Code     0  startup_stm32f40xx.o(.text)
    UART4_IRQHandler                         0x0800029f   Thumb Code     0  startup_stm32f40xx.o(.text)
    UART5_IRQHandler                         0x0800029f   Thumb Code     0  startup_stm32f40xx.o(.text)
    USART1_IRQHandler                        0x0800029f   Thumb Code     0  startup_stm32f40xx.o(.text)
    USART2_IRQHandler                        0x0800029f   Thumb Code     0  startup_stm32f40xx.o(.text)
    USART3_IRQHandler                        0x0800029f   Thumb Code     0  startup_stm32f40xx.o(.text)
    USART6_IRQHandler                        0x0800029f   Thumb Code     0  startup_stm32f40xx.o(.text)
    WWDG_IRQHandler                          0x0800029f   Thumb Code     0  startup_stm32f40xx.o(.text)
    __user_initial_stackheap                 0x080002a1   Thumb Code     0  startup_stm32f40xx.o(.text)
    strlen                                   0x080002c5   Thumb Code    62  strlen.o(.text)
    __aeabi_memcpy                           0x08000303   Thumb Code     0  rt_memcpy_v6.o(.text)
    __rt_memcpy                              0x08000303   Thumb Code   138  rt_memcpy_v6.o(.text)
    _memcpy_lastbytes                        0x08000369   Thumb Code     0  rt_memcpy_v6.o(.text)
    __aeabi_memclr                           0x0800038d   Thumb Code     0  rt_memclr.o(.text)
    __rt_memclr                              0x0800038d   Thumb Code    68  rt_memclr.o(.text)
    _memset                                  0x08000391   Thumb Code     0  rt_memclr.o(.text)
    __aeabi_memclr4                          0x080003d1   Thumb Code     0  rt_memclr_w.o(.text)
    __aeabi_memclr8                          0x080003d1   Thumb Code     0  rt_memclr_w.o(.text)
    __rt_memclr_w                            0x080003d1   Thumb Code    78  rt_memclr_w.o(.text)
    _memset_w                                0x080003d5   Thumb Code     0  rt_memclr_w.o(.text)
    __use_two_region_memory                  0x0800041f   Thumb Code     2  heapauxi.o(.text)
    __rt_heap_escrow                         0x08000421   Thumb Code     2  heapauxi.o(.text)
    __rt_heap_expand                         0x08000423   Thumb Code     2  heapauxi.o(.text)
    __aeabi_errno_addr                       0x08000425   Thumb Code     8  rt_errno_addr_intlibspace.o(.text)
    __errno$intlibspace                      0x08000425   Thumb Code     0  rt_errno_addr_intlibspace.o(.text)
    __rt_errno_addr$intlibspace              0x08000425   Thumb Code     0  rt_errno_addr_intlibspace.o(.text)
    __read_errno                             0x0800042d   Thumb Code    10  _rserrno.o(.text)
    __set_errno                              0x08000437   Thumb Code    12  _rserrno.o(.text)
    __strtod_int                             0x08000481   Thumb Code    90  strtod.o(.text)
    __aeabi_memcpy4                          0x080004e9   Thumb Code     0  rt_memcpy_w.o(.text)
    __aeabi_memcpy8                          0x080004e9   Thumb Code     0  rt_memcpy_w.o(.text)
    __rt_memcpy_w                            0x080004e9   Thumb Code   100  rt_memcpy_w.o(.text)
    _memcpy_lastbytes_aligned                0x08000531   Thumb Code     0  rt_memcpy_w.o(.text)
    __user_libspace                          0x0800054d   Thumb Code     8  libspace.o(.text)
    __user_perproc_libspace                  0x0800054d   Thumb Code     0  libspace.o(.text)
    __user_perthread_libspace                0x0800054d   Thumb Code     0  libspace.o(.text)
    __rt_ctype_table                         0x08000555   Thumb Code    16  rt_ctype_table.o(.text)
    isspace                                  0x08000565   Thumb Code    18  isspace.o(.text)
    _sgetc                                   0x08000577   Thumb Code    30  _sgetc.o(.text)
    _sbackspace                              0x08000595   Thumb Code    34  _sgetc.o(.text)
    __I$use$semihosting                      0x080005b7   Thumb Code     0  use_no_semi.o(.text)
    __use_no_semihosting_swi                 0x080005b7   Thumb Code     2  use_no_semi.o(.text)
    __semihosting_library_function           0x080005b9   Thumb Code     0  indicate_semi.o(.text)
    __user_setup_stackheap                   0x080005b9   Thumb Code    74  sys_stackheap_outer.o(.text)
    __rt_locale                              0x08000605   Thumb Code     8  rt_locale_intlibspace.o(.text)
    _chval                                   0x0800060d   Thumb Code    28  _chval.o(.text)
    _scanf_really_real                       0x08000875   Thumb Code   684  scanf_fp.o(.text)
    exit                                     0x08000b21   Thumb Code    18  exit.o(.text)
    strcmp                                   0x08000b35   Thumb Code   128  strcmpv7m.o(.text)
    _sys_exit                                0x08000bb5   Thumb Code     8  sys_exit.o(.text)
    _btod_etento                             0x08000bc1   Thumb Code   224  bigflt0.o(.text)
    _scanf_really_hex_real                   0x08000ca5   Thumb Code   786  scanf_hexfp.o(.text)
    _scanf_really_infnan                     0x08000fc5   Thumb Code   292  scanf_infnan.o(.text)
    __aeabi_llsl                             0x080010f9   Thumb Code     0  llshl.o(.text)
    _ll_shift_l                              0x080010f9   Thumb Code    38  llshl.o(.text)
    __btod_div_common                        0x0800111f   Thumb Code   696  btod.o(CL$$btod_div_common)
    _e2d                                     0x08001459   Thumb Code   122  btod.o(CL$$btod_e2d)
    _e2e                                     0x080014dd   Thumb Code   220  btod.o(CL$$btod_e2e)
    _btod_ediv                               0x080015b9   Thumb Code    42  btod.o(CL$$btod_ediv)
    _btod_edivd                              0x080015e3   Thumb Code    42  btod.o(CL$$btod_edivd)
    _btod_emul                               0x0800160d   Thumb Code    42  btod.o(CL$$btod_emul)
    _btod_emuld                              0x08001637   Thumb Code    42  btod.o(CL$$btod_emuld)
    __btod_mult_common                       0x08001661   Thumb Code   580  btod.o(CL$$btod_mult_common)
    BusFault_Handler                         0x080018a5   Thumb Code     4  stm32f4xx_it.o(i.BusFault_Handler)
    CAN1_RX0_IRQHandler                      0x080018a9   Thumb Code   146  ugv_can.o(i.CAN1_RX0_IRQHandler)
    CAN1_Send                                0x08001961   Thumb Code    92  ugv_can.o(i.CAN1_Send)
    CAN_ClearITPendingBit                    0x080019c5   Thumb Code   162  stm32f4xx_can.o(i.CAN_ClearITPendingBit)
    CAN_Config                               0x08001a6d   Thumb Code   294  ugv_can.o(i.CAN_Config)
    CAN_DeInit                               0x08001ba9   Thumb Code    50  stm32f4xx_can.o(i.CAN_DeInit)
    CAN_FilterInit                           0x08001be1   Thumb Code   258  stm32f4xx_can.o(i.CAN_FilterInit)
    CAN_GetITStatus                          0x08001ce9   Thumb Code   284  stm32f4xx_can.o(i.CAN_GetITStatus)
    CAN_ITConfig                             0x08001e09   Thumb Code    18  stm32f4xx_can.o(i.CAN_ITConfig)
    CAN_Init                                 0x08001e1b   Thumb Code   276  stm32f4xx_can.o(i.CAN_Init)
    CAN_Receive                              0x08001f2f   Thumb Code   232  stm32f4xx_can.o(i.CAN_Receive)
    CAN_Transmit                             0x08002017   Thumb Code   294  stm32f4xx_can.o(i.CAN_Transmit)
    CAN_TransmitStatus                       0x0800213d   Thumb Code   138  stm32f4xx_can.o(i.CAN_TransmitStatus)
    DMA2_Stream1_IRQHandler                  0x080021f1   Thumb Code    20  imu_rtxq.o(i.DMA2_Stream1_IRQHandler)
    DMA_ClearITPendingBit                    0x0800220d   Thumb Code    38  stm32f4xx_dma.o(i.DMA_ClearITPendingBit)
    DMA_Cmd                                  0x08002241   Thumb Code    22  stm32f4xx_dma.o(i.DMA_Cmd)
    DMA_Init                                 0x08002259   Thumb Code    82  stm32f4xx_dma.o(i.DMA_Init)
    DebugMon_Handler                         0x080022b1   Thumb Code     2  stm32f4xx_it.o(i.DebugMon_Handler)
    GPIO_Init                                0x080022b3   Thumb Code   144  stm32f4xx_gpio.o(i.GPIO_Init)
    GPIO_PinAFConfig                         0x08002343   Thumb Code    70  stm32f4xx_gpio.o(i.GPIO_PinAFConfig)
    GPIO_ToggleBits                          0x08002389   Thumb Code     8  stm32f4xx_gpio.o(i.GPIO_ToggleBits)
    Get_IMU_RQ                               0x08002391   Thumb Code   696  imu_rtxq.o(i.Get_IMU_RQ)
    Get_speed                                0x080026b1   Thumb Code   128  inputcapture.o(i.Get_speed)
    HardFault_Handler                        0x08002751   Thumb Code     4  stm32f4xx_it.o(i.HardFault_Handler)
    INCP_CONFIG                              0x08002755   Thumb Code   112  inputcapture.o(i.INCP_CONFIG)
    INCP_GPIO_config                         0x080027d1   Thumb Code   208  inputcapture.o(i.INCP_GPIO_config)
    INCP_TIMER_CONFIG                        0x080028ad   Thumb Code    80  inputcapture.o(i.INCP_TIMER_CONFIG)
    IWDG_Config                              0x08002909   Thumb Code    34  ugv_watchdog_timer.o(i.IWDG_Config)
    IWDG_Enable                              0x0800292d   Thumb Code    10  stm32f4xx_iwdg.o(i.IWDG_Enable)
    IWDG_ReloadCounter                       0x0800293d   Thumb Code    10  stm32f4xx_iwdg.o(i.IWDG_ReloadCounter)
    IWDG_SetPrescaler                        0x0800294d   Thumb Code     6  stm32f4xx_iwdg.o(i.IWDG_SetPrescaler)
    IWDG_SetReload                           0x08002959   Thumb Code     6  stm32f4xx_iwdg.o(i.IWDG_SetReload)
    IWDG_WriteAccessCmd                      0x08002965   Thumb Code     6  stm32f4xx_iwdg.o(i.IWDG_WriteAccessCmd)
    LED_Config                               0x08002971   Thumb Code    48  main.o(i.LED_Config)
    MemManage_Handler                        0x080029a5   Thumb Code     4  stm32f4xx_it.o(i.MemManage_Handler)
    Motor_Control                            0x080029a9   Thumb Code   466  ugv_pwm.o(i.Motor_Control)
    Motor_Control_Speed                      0x08002ba9   Thumb Code   524  ugv_pwm.o(i.Motor_Control_Speed)
    NMI_Handler                              0x08002ddd   Thumb Code     2  stm32f4xx_it.o(i.NMI_Handler)
    NVIC_Init                                0x08002de1   Thumb Code   106  misc.o(i.NVIC_Init)
    PWM_Init                                 0x08002ea9   Thumb Code   184  ugv_pwm.o(i.PWM_Init)
    PendSV_Handler                           0x08002f65   Thumb Code     2  stm32f4xx_it.o(i.PendSV_Handler)
    RCC_AHB1PeriphClockCmd                   0x08002f69   Thumb Code    26  stm32f4xx_rcc.o(i.RCC_AHB1PeriphClockCmd)
    RCC_APB1PeriphClockCmd                   0x08002f89   Thumb Code    26  stm32f4xx_rcc.o(i.RCC_APB1PeriphClockCmd)
    RCC_APB1PeriphResetCmd                   0x08002fa9   Thumb Code    26  stm32f4xx_rcc.o(i.RCC_APB1PeriphResetCmd)
    RCC_APB2PeriphClockCmd                   0x08002fc9   Thumb Code    26  stm32f4xx_rcc.o(i.RCC_APB2PeriphClockCmd)
    RCC_GetClocksFreq                        0x08002fe9   Thumb Code   214  stm32f4xx_rcc.o(i.RCC_GetClocksFreq)
    SVC_Handler                              0x080030d1   Thumb Code     2  stm32f4xx_it.o(i.SVC_Handler)
    Str2Double                               0x080031c1   Thumb Code    12  utils.o(i.Str2Double)
    String_Split                             0x080031cd   Thumb Code    92  utils.o(i.String_Split)
    SysTick_Handler                          0x08003229   Thumb Code     2  stm32f4xx_it.o(i.SysTick_Handler)
    SystemInit                               0x0800322d   Thumb Code    88  system_stm32f4xx.o(i.SystemInit)
    TIM3_IRQHandler                          0x080033b9   Thumb Code    54  inputcapture.o(i.TIM3_IRQHandler)
    TIM4_IRQHandler                          0x080033f9   Thumb Code    54  inputcapture.o(i.TIM4_IRQHandler)
    TIM5_IRQHandler                          0x08003439   Thumb Code    44  ugv_timer.o(i.TIM5_IRQHandler)
    TIM6_DAC_IRQHandler                      0x0800346d   Thumb Code    92  ugv_timer.o(i.TIM6_DAC_IRQHandler)
    TIM7_IRQHandler                          0x080034e5   Thumb Code    40  ugv_timer.o(i.TIM7_IRQHandler)
    TIM8_UP_TIM13_IRQHandler                 0x08003515   Thumb Code    32  ugv_timer.o(i.TIM8_UP_TIM13_IRQHandler)
    TIM_ARRPreloadConfig                     0x0800353d   Thumb Code    24  stm32f4xx_tim.o(i.TIM_ARRPreloadConfig)
    TIM_ClearITPendingBit                    0x08003555   Thumb Code     6  stm32f4xx_tim.o(i.TIM_ClearITPendingBit)
    TIM_Cmd                                  0x0800355b   Thumb Code    24  stm32f4xx_tim.o(i.TIM_Cmd)
    TIM_GetITStatus                          0x08003573   Thumb Code    34  stm32f4xx_tim.o(i.TIM_GetITStatus)
    TIM_ICInit                               0x08003595   Thumb Code   110  stm32f4xx_tim.o(i.TIM_ICInit)
    TIM_ITConfig                             0x08003603   Thumb Code    18  stm32f4xx_tim.o(i.TIM_ITConfig)
    TIM_OC1Init                              0x08003615   Thumb Code   114  stm32f4xx_tim.o(i.TIM_OC1Init)
    TIM_OC1PreloadConfig                     0x08003691   Thumb Code    18  stm32f4xx_tim.o(i.TIM_OC1PreloadConfig)
    TIM_OC2Init                              0x080036a5   Thumb Code   154  stm32f4xx_tim.o(i.TIM_OC2Init)
    TIM_OC2PreloadConfig                     0x08003749   Thumb Code    26  stm32f4xx_tim.o(i.TIM_OC2PreloadConfig)
    TIM_SetIC1Prescaler                      0x08003763   Thumb Code    18  stm32f4xx_tim.o(i.TIM_SetIC1Prescaler)
    TIM_SetIC2Prescaler                      0x08003775   Thumb Code    26  stm32f4xx_tim.o(i.TIM_SetIC2Prescaler)
    TIM_SetIC3Prescaler                      0x0800378f   Thumb Code    18  stm32f4xx_tim.o(i.TIM_SetIC3Prescaler)
    TIM_SetIC4Prescaler                      0x080037a1   Thumb Code    26  stm32f4xx_tim.o(i.TIM_SetIC4Prescaler)
    TIM_TimeBaseInit                         0x080037bd   Thumb Code   104  stm32f4xx_tim.o(i.TIM_TimeBaseInit)
    Timer_Control                            0x08003841   Thumb Code    98  ugv_timer.o(i.Timer_Control)
    Timer_Motor                              0x080038a9   Thumb Code   128  ugv_timer.o(i.Timer_Motor)
    Timer_TransData                          0x08003931   Thumb Code    96  ugv_timer.o(i.Timer_TransData)
    USART6_Rx_DMA                            0x08003995   Thumb Code   270  imu_rtxq.o(i.USART6_Rx_DMA)
    USART_Cmd                                0x08003ab5   Thumb Code    24  stm32f4xx_usart.o(i.USART_Cmd)
    USART_DMACmd                             0x08003acd   Thumb Code    18  stm32f4xx_usart.o(i.USART_DMACmd)
    USART_Init                               0x08003ae1   Thumb Code   204  stm32f4xx_usart.o(i.USART_Init)
    UsageFault_Handler                       0x08003bb5   Thumb Code     4  stm32f4xx_it.o(i.UsageFault_Handler)
    __hardfp___mathlib_tofloat               0x08003bb9   Thumb Code   232  narrow.o(i.__hardfp___mathlib_tofloat)
    __hardfp_atof                            0x08003cb1   Thumb Code    44  atof.o(i.__hardfp_atof)
    __hardfp_ldexp                           0x08003ce9   Thumb Code   200  ldexp.o(i.__hardfp_ldexp)
    __mathlib_dbl_overflow                   0x08003db9   Thumb Code    24  dunder.o(i.__mathlib_dbl_overflow)
    __mathlib_dbl_underflow                  0x08003dd9   Thumb Code    24  dunder.o(i.__mathlib_dbl_underflow)
    __mathlib_narrow                         0x08003df9   Thumb Code    18  narrow.o(i.__mathlib_narrow)
    __support_ldexp                          0x08003e0b   Thumb Code    20  ldexp.o(i.__support_ldexp)
    _is_digit                                0x08003e1f   Thumb Code    14  scanf_fp.o(i._is_digit)
    delay_01ms                               0x08003e2d   Thumb Code    86  ugv_timer.o(i.delay_01ms)
    frexp                                    0x08003e89   Thumb Code   118  frexp.o(i.frexp)
    main                                     0x08003f15   Thumb Code    66  main.o(i.main)
    _get_lc_numeric                          0x08003f59   Thumb Code    44  lc_numeric_c.o(locale$$code)
    _get_lc_ctype                            0x08003f85   Thumb Code    44  lc_ctype_c.o(locale$$code)
    __aeabi_dneg                             0x08003fb1   Thumb Code     0  basic.o(x$fpl$basic)
    _dneg                                    0x08003fb1   Thumb Code     6  basic.o(x$fpl$basic)
    __aeabi_fneg                             0x08003fb7   Thumb Code     0  basic.o(x$fpl$basic)
    _fneg                                    0x08003fb7   Thumb Code     6  basic.o(x$fpl$basic)
    _dabs                                    0x08003fbd   Thumb Code     6  basic.o(x$fpl$basic)
    _fabs                                    0x08003fc3   Thumb Code     6  basic.o(x$fpl$basic)
    __aeabi_d2f                              0x08003fc9   Thumb Code     0  d2f.o(x$fpl$d2f)
    _d2f                                     0x08003fc9   Thumb Code    98  d2f.o(x$fpl$d2f)
    __aeabi_dadd                             0x0800402d   Thumb Code     0  daddsub_clz.o(x$fpl$dadd)
    _dadd                                    0x0800402d   Thumb Code   332  daddsub_clz.o(x$fpl$dadd)
    __fpl_dcheck_NaN1                        0x0800417d   Thumb Code    10  dcheck1.o(x$fpl$dcheck1)
    __fpl_dcmp_Inf                           0x0800418d   Thumb Code    24  dcmpi.o(x$fpl$dcmpinf)
    __aeabi_ddiv                             0x080041a5   Thumb Code     0  ddiv.o(x$fpl$ddiv)
    _ddiv                                    0x080041a5   Thumb Code   552  ddiv.o(x$fpl$ddiv)
    __aeabi_cdcmpeq                          0x08004455   Thumb Code     0  deqf.o(x$fpl$deqf)
    _dcmpeq                                  0x08004455   Thumb Code   120  deqf.o(x$fpl$deqf)
    __aeabi_d2iz                             0x080044cd   Thumb Code     0  dfix.o(x$fpl$dfix)
    _dfix                                    0x080044cd   Thumb Code    94  dfix.o(x$fpl$dfix)
    __aeabi_i2d                              0x0800452b   Thumb Code     0  dflt_clz.o(x$fpl$dflt)
    _dflt                                    0x0800452b   Thumb Code    46  dflt_clz.o(x$fpl$dflt)
    __aeabi_cdcmple                          0x08004559   Thumb Code     0  dleqf.o(x$fpl$dleqf)
    _dcmple                                  0x08004559   Thumb Code   120  dleqf.o(x$fpl$dleqf)
    __fpl_dcmple_InfNaN                      0x080045bb   Thumb Code     0  dleqf.o(x$fpl$dleqf)
    __aeabi_dmul                             0x080045d1   Thumb Code     0  dmul.o(x$fpl$dmul)
    _dmul                                    0x080045d1   Thumb Code   332  dmul.o(x$fpl$dmul)
    __fpl_dnaninf                            0x08004725   Thumb Code   156  dnaninf.o(x$fpl$dnaninf)
    __fpl_dretinf                            0x080047c1   Thumb Code    12  dretinf.o(x$fpl$dretinf)
    __aeabi_cdrcmple                         0x080047cd   Thumb Code     0  drleqf.o(x$fpl$drleqf)
    _drcmple                                 0x080047cd   Thumb Code   108  drleqf.o(x$fpl$drleqf)
    __aeabi_drsub                            0x08004839   Thumb Code     0  daddsub_clz.o(x$fpl$drsb)
    _drsb                                    0x08004839   Thumb Code    22  daddsub_clz.o(x$fpl$drsb)
    __aeabi_dsub                             0x08004851   Thumb Code     0  daddsub_clz.o(x$fpl$dsub)
    _dsub                                    0x08004851   Thumb Code   464  daddsub_clz.o(x$fpl$dsub)
    __aeabi_f2d                              0x08004a25   Thumb Code     0  f2d.o(x$fpl$f2d)
    _f2d                                     0x08004a25   Thumb Code    86  f2d.o(x$fpl$f2d)
    __fpl_fnaninf                            0x08004a7b   Thumb Code   140  fnaninf.o(x$fpl$fnaninf)
    _fp_init                                 0x08004b07   Thumb Code    10  fpinit.o(x$fpl$fpinit)
    __fplib_config_fpu_vfp                   0x08004b0f   Thumb Code     0  fpinit.o(x$fpl$fpinit)
    __fplib_config_pureend_doubles           0x08004b0f   Thumb Code     0  fpinit.o(x$fpl$fpinit)
    __fpl_fretinf                            0x08004b11   Thumb Code    10  fretinf.o(x$fpl$fretinf)
    __ieee_status                            0x08004b1b   Thumb Code     6  istatus.o(x$fpl$ieeestatus)
    __fpl_return_NaN                         0x08004b21   Thumb Code   100  retnan.o(x$fpl$retnan)
    __ARM_scalbn                             0x08004b85   Thumb Code    92  scalbn.o(x$fpl$scalbn)
    _scanf_real                              0x08004be1   Thumb Code     4  scanf1.o(x$fpl$scanf1)
    _scanf_hex_real                          0x08004be5   Thumb Code     4  scanf2.o(x$fpl$scanf2)
    _scanf_infnan                            0x08004be9   Thumb Code     4  scanf2.o(x$fpl$scanf2)
    __fpl_cmpreturn                          0x08004bed   Thumb Code    48  trapv.o(x$fpl$trapveneer)
    __I$use$fp                               0x08004c1c   Number         0  usenofp.o(x$fpl$usenofp)
    Region$$Table$$Base                      0x08004cb0   Number         0  anon$$obj.o(Region$$Table)
    Region$$Table$$Limit                     0x08004cd0   Number         0  anon$$obj.o(Region$$Table)
    __aeabi_HUGE_VAL                         0x08004cd0   Data           0  fpconst.o(c$$dinf)
    __aeabi_HUGE_VALL                        0x08004cd0   Data           0  fpconst.o(c$$dinf)
    __aeabi_INFINITY                         0x08004cd0   Data           0  fpconst.o(c$$dinf)
    __dInf                                   0x08004cd0   Data           0  fpconst.o(c$$dinf)
    __huge_val                               0x08004cd0   Data           0  fpconst.o(c$$dinf)
    __dbl_max                                0x08004cd8   Data           0  fpconst.o(c$$dmax)
    __ctype                                  0x08004d09   Data           0  lc_ctype_c.o(locale$$data)
    vel_left                                 0x20000010   Data           4  ugv_pwm.o(.data)
    vel_right                                0x20000014   Data           4  ugv_pwm.o(.data)
    PID_1                                    0x20000018   Data          80  ugv_pwm.o(.data)
    PID_2                                    0x20000068   Data          80  ugv_pwm.o(.data)
    IMU_data                                 0x200000b8   Data           8  ugv_can.o(.data)
    Velo_data                                0x200000c0   Data           8  ugv_can.o(.data)
    Kp1                                      0x200000c8   Data           4  ugv_can.o(.data)
    Ki1                                      0x200000cc   Data           4  ugv_can.o(.data)
    Kd1                                      0x200000d0   Data           4  ugv_can.o(.data)
    Kp2                                      0x200000d4   Data           4  ugv_can.o(.data)
    Ki2                                      0x200000d8   Data           4  ugv_can.o(.data)
    Kd2                                      0x200000dc   Data           4  ugv_can.o(.data)
    timeout                                  0x200000e0   Data           4  ugv_can.o(.data)
    CAN_Motor_speed                          0x200000e4   Data           8  ugv_timer.o(.data)
    encoder_left                             0x200000ec   Data           4  ugv_timer.o(.data)
    encoder_right                            0x200000f0   Data           4  ugv_timer.o(.data)
    packet_count                             0x200000f4   Data           2  ugv_timer.o(.data)
    INCPGPIO                                 0x200000f8   Data           8  inputcapture.o(.data)
    ngat                                     0x20000100   Data           4  inputcapture.o(.data)
    strRoll                                  0x20000104   Data           5  imu_rtxq.o(.data)
    strPitch                                 0x20000109   Data           5  imu_rtxq.o(.data)
    strYaw                                   0x2000010e   Data           5  imu_rtxq.o(.data)
    strAccelX                                0x20000113   Data           5  imu_rtxq.o(.data)
    strAccelY                                0x20000118   Data           5  imu_rtxq.o(.data)
    strAccelZ                                0x2000011d   Data           5  imu_rtxq.o(.data)
    strGyroX                                 0x20000122   Data           5  imu_rtxq.o(.data)
    strGyroY                                 0x20000127   Data           5  imu_rtxq.o(.data)
    strGyroZ                                 0x2000012c   Data           5  imu_rtxq.o(.data)
    Send_count                               0x20000131   Data           1  imu_rtxq.o(.data)
    pre_IMU                                  0x20000134   Data           4  imu_rtxq.o(.data)
    outputLen                                0x20000138   Data           4  imu_rtxq.o(.data)
    Motor_1                                  0x20000140   Data          32  ugv_pwm.o(.bss)
    Motor_2                                  0x20000160   Data          32  ugv_pwm.o(.bss)
    Car                                      0x20000180   Data          24  ugv_pwm.o(.bss)
    CAN1_RxMessage                           0x20000198   Data          20  ugv_can.o(.bss)
    rxbuff_USART6                            0x200001ac   Data         100  ugv_timer.o(.bss)
    IMU_RQ                                   0x20000210   Data          40  ugv_timer.o(.bss)
    CAN_IMU                                  0x20000238   Data          32  ugv_timer.o(.bss)
    INCPTIM                                  0x20000258   Data          12  inputcapture.o(.bss)
    INCP                                     0x20000264   Data          10  inputcapture.o(.bss)
    IMU_RQ_FrameReceive                      0x2000026e   Data          60  imu_rtxq.o(.bss)
    data1                                    0x200002aa   Data         100  imu_rtxq.o(.bss)
    output                                   0x2000030e   Data          52  imu_rtxq.o(.bss)
    __libspace_start                         0x20000344   Data          96  libspace.o(.bss)
    __temporary_stack_top$libspace           0x200003a4   Data           0  libspace.o(.bss)



==============================================================================

Memory Map of the image

  Image Entry point : 0x08000285

  Load Region LR_1 (Base: 0x08000000, Size: 0x00004f48, Max: 0xffffffff, ABSOLUTE, COMPRESSED[0x00004e28])

    Execution Region ER_RO (Exec base: 0x08000000, Load base: 0x08000000, Size: 0x00004e0c, Max: 0xffffffff, ABSOLUTE)

    Exec Addr    Load Addr    Size         Type   Attr      Idx    E Section Name        Object

    0x08000000   0x08000000   0x00000188   Data   RO          538    RESET               startup_stm32f40xx.o
    0x08000188   0x08000188   0x00000008   Code   RO         3624  * !!!main             c_w.l(__main.o)
    0x08000190   0x08000190   0x00000034   Code   RO         4150    !!!scatter          c_w.l(__scatter.o)
    0x080001c4   0x080001c4   0x0000005a   Code   RO         4148    !!dczerorl2         c_w.l(__dczerorl2.o)
    0x0800021e   0x0800021e   0x00000002   PAD
    0x08000220   0x08000220   0x0000001c   Code   RO         4152    !!handler_zi        c_w.l(__scatter_zi.o)
    0x0800023c   0x0800023c   0x00000002   Code   RO         4010    .ARM.Collect$$libinit$$00000000  c_w.l(libinit.o)
    0x0800023e   0x0800023e   0x00000004   Code   RO         3787    .ARM.Collect$$libinit$$00000001  c_w.l(libinit2.o)
    0x08000242   0x08000242   0x00000000   Code   RO         3790    .ARM.Collect$$libinit$$00000004  c_w.l(libinit2.o)
    0x08000242   0x08000242   0x00000000   Code   RO         3793    .ARM.Collect$$libinit$$0000000A  c_w.l(libinit2.o)
    0x08000242   0x08000242   0x00000000   Code   RO         3795    .ARM.Collect$$libinit$$0000000C  c_w.l(libinit2.o)
    0x08000242   0x08000242   0x00000000   Code   RO         3797    .ARM.Collect$$libinit$$0000000E  c_w.l(libinit2.o)
    0x08000242   0x08000242   0x00000006   Code   RO         3798    .ARM.Collect$$libinit$$0000000F  c_w.l(libinit2.o)
    0x08000248   0x08000248   0x00000000   Code   RO         3800    .ARM.Collect$$libinit$$00000011  c_w.l(libinit2.o)
    0x08000248   0x08000248   0x0000000c   Code   RO         3801    .ARM.Collect$$libinit$$00000012  c_w.l(libinit2.o)
    0x08000254   0x08000254   0x00000000   Code   RO         3802    .ARM.Collect$$libinit$$00000013  c_w.l(libinit2.o)
    0x08000254   0x08000254   0x00000000   Code   RO         3804    .ARM.Collect$$libinit$$00000015  c_w.l(libinit2.o)
    0x08000254   0x08000254   0x0000000a   Code   RO         3805    .ARM.Collect$$libinit$$00000016  c_w.l(libinit2.o)
    0x0800025e   0x0800025e   0x00000000   Code   RO         3806    .ARM.Collect$$libinit$$00000017  c_w.l(libinit2.o)
    0x0800025e   0x0800025e   0x00000000   Code   RO         3808    .ARM.Collect$$libinit$$00000019  c_w.l(libinit2.o)
    0x0800025e   0x0800025e   0x00000000   Code   RO         3810    .ARM.Collect$$libinit$$0000001B  c_w.l(libinit2.o)
    0x0800025e   0x0800025e   0x00000000   Code   RO         3812    .ARM.Collect$$libinit$$0000001D  c_w.l(libinit2.o)
    0x0800025e   0x0800025e   0x00000000   Code   RO         3814    .ARM.Collect$$libinit$$0000001F  c_w.l(libinit2.o)
    0x0800025e   0x0800025e   0x00000000   Code   RO         3816    .ARM.Collect$$libinit$$00000021  c_w.l(libinit2.o)
    0x0800025e   0x0800025e   0x00000000   Code   RO         3818    .ARM.Collect$$libinit$$00000023  c_w.l(libinit2.o)
    0x0800025e   0x0800025e   0x00000000   Code   RO         3820    .ARM.Collect$$libinit$$00000025  c_w.l(libinit2.o)
    0x0800025e   0x0800025e   0x00000000   Code   RO         3824    .ARM.Collect$$libinit$$0000002C  c_w.l(libinit2.o)
    0x0800025e   0x0800025e   0x00000000   Code   RO         3826    .ARM.Collect$$libinit$$0000002E  c_w.l(libinit2.o)
    0x0800025e   0x0800025e   0x00000000   Code   RO         3828    .ARM.Collect$$libinit$$00000030  c_w.l(libinit2.o)
    0x0800025e   0x0800025e   0x00000000   Code   RO         3830    .ARM.Collect$$libinit$$00000032  c_w.l(libinit2.o)
    0x0800025e   0x0800025e   0x00000002   Code   RO         3831    .ARM.Collect$$libinit$$00000033  c_w.l(libinit2.o)
    0x08000260   0x08000260   0x00000002   Code   RO         4129    .ARM.Collect$$libshutdown$$00000000  c_w.l(libshutdown.o)
    0x08000262   0x08000262   0x00000000   Code   RO         4051    .ARM.Collect$$libshutdown$$00000002  c_w.l(libshutdown2.o)
    0x08000262   0x08000262   0x00000000   Code   RO         4053    .ARM.Collect$$libshutdown$$00000004  c_w.l(libshutdown2.o)
    0x08000262   0x08000262   0x00000000   Code   RO         4056    .ARM.Collect$$libshutdown$$00000007  c_w.l(libshutdown2.o)
    0x08000262   0x08000262   0x00000000   Code   RO         4059    .ARM.Collect$$libshutdown$$0000000A  c_w.l(libshutdown2.o)
    0x08000262   0x08000262   0x00000000   Code   RO         4061    .ARM.Collect$$libshutdown$$0000000C  c_w.l(libshutdown2.o)
    0x08000262   0x08000262   0x00000000   Code   RO         4064    .ARM.Collect$$libshutdown$$0000000F  c_w.l(libshutdown2.o)
    0x08000262   0x08000262   0x00000002   Code   RO         4065    .ARM.Collect$$libshutdown$$00000010  c_w.l(libshutdown2.o)
    0x08000264   0x08000264   0x00000000   Code   RO         3746    .ARM.Collect$$rtentry$$00000000  c_w.l(__rtentry.o)
    0x08000264   0x08000264   0x00000000   Code   RO         3922    .ARM.Collect$$rtentry$$00000002  c_w.l(__rtentry2.o)
    0x08000264   0x08000264   0x00000006   Code   RO         3934    .ARM.Collect$$rtentry$$00000004  c_w.l(__rtentry4.o)
    0x0800026a   0x0800026a   0x00000000   Code   RO         3924    .ARM.Collect$$rtentry$$00000009  c_w.l(__rtentry2.o)
    0x0800026a   0x0800026a   0x00000004   Code   RO         3925    .ARM.Collect$$rtentry$$0000000A  c_w.l(__rtentry2.o)
    0x0800026e   0x0800026e   0x00000000   Code   RO         3927    .ARM.Collect$$rtentry$$0000000C  c_w.l(__rtentry2.o)
    0x0800026e   0x0800026e   0x00000008   Code   RO         3928    .ARM.Collect$$rtentry$$0000000D  c_w.l(__rtentry2.o)
    0x08000276   0x08000276   0x00000002   Code   RO         4015    .ARM.Collect$$rtexit$$00000000  c_w.l(rtexit.o)
    0x08000278   0x08000278   0x00000000   Code   RO         4091    .ARM.Collect$$rtexit$$00000002  c_w.l(rtexit2.o)
    0x08000278   0x08000278   0x00000004   Code   RO         4092    .ARM.Collect$$rtexit$$00000003  c_w.l(rtexit2.o)
    0x0800027c   0x0800027c   0x00000006   Code   RO         4093    .ARM.Collect$$rtexit$$00000004  c_w.l(rtexit2.o)
    0x08000282   0x08000282   0x00000002   PAD
    0x08000284   0x08000284   0x00000040   Code   RO          539  * .text               startup_stm32f40xx.o
    0x080002c4   0x080002c4   0x0000003e   Code   RO         3614    .text               c_w.l(strlen.o)
    0x08000302   0x08000302   0x0000008a   Code   RO         3616    .text               c_w.l(rt_memcpy_v6.o)
    0x0800038c   0x0800038c   0x00000044   Code   RO         3618    .text               c_w.l(rt_memclr.o)
    0x080003d0   0x080003d0   0x0000004e   Code   RO         3620    .text               c_w.l(rt_memclr_w.o)
    0x0800041e   0x0800041e   0x00000006   Code   RO         3622    .text               c_w.l(heapauxi.o)
    0x08000424   0x08000424   0x00000008   Code   RO         3755    .text               c_w.l(rt_errno_addr_intlibspace.o)
    0x0800042c   0x0800042c   0x00000016   Code   RO         3777    .text               c_w.l(_rserrno.o)
    0x08000442   0x08000442   0x00000002   PAD
    0x08000444   0x08000444   0x000000a4   Code   RO         3779    .text               c_w.l(strtod.o)
    0x080004e8   0x080004e8   0x00000064   Code   RO         3783    .text               c_w.l(rt_memcpy_w.o)
    0x0800054c   0x0800054c   0x00000008   Code   RO         3918    .text               c_w.l(libspace.o)
    0x08000554   0x08000554   0x00000010   Code   RO         3936    .text               c_w.l(rt_ctype_table.o)
    0x08000564   0x08000564   0x00000012   Code   RO         3946    .text               c_w.l(isspace.o)
    0x08000576   0x08000576   0x00000040   Code   RO         3948    .text               c_w.l(_sgetc.o)
    0x080005b6   0x080005b6   0x00000002   Code   RO         3970    .text               c_w.l(use_no_semi.o)
    0x080005b8   0x080005b8   0x00000000   Code   RO         3972    .text               c_w.l(indicate_semi.o)
    0x080005b8   0x080005b8   0x0000004a   Code   RO         3973    .text               c_w.l(sys_stackheap_outer.o)
    0x08000602   0x08000602   0x00000002   PAD
    0x08000604   0x08000604   0x00000008   Code   RO         3980    .text               c_w.l(rt_locale_intlibspace.o)
    0x0800060c   0x0800060c   0x0000001c   Code   RO         3984    .text               c_w.l(_chval.o)
    0x08000628   0x08000628   0x000004f8   Code   RO         3986    .text               c_w.l(scanf_fp.o)
    0x08000b20   0x08000b20   0x00000012   Code   RO         3993    .text               c_w.l(exit.o)
    0x08000b32   0x08000b32   0x00000002   PAD
    0x08000b34   0x08000b34   0x00000080   Code   RO         3999    .text               c_w.l(strcmpv7m.o)
    0x08000bb4   0x08000bb4   0x0000000c   Code   RO         4013    .text               c_w.l(sys_exit.o)
    0x08000bc0   0x08000bc0   0x000000e4   Code   RO         4021    .text               c_w.l(bigflt0.o)
    0x08000ca4   0x08000ca4   0x00000320   Code   RO         4097    .text               c_w.l(scanf_hexfp.o)
    0x08000fc4   0x08000fc4   0x00000134   Code   RO         4099    .text               c_w.l(scanf_infnan.o)
    0x080010f8   0x080010f8   0x00000026   Code   RO         4109    .text               c_w.l(llshl.o)
    0x0800111e   0x0800111e   0x00000338   Code   RO         4034    CL$$btod_div_common  c_w.l(btod.o)
    0x08001456   0x08001456   0x00000002   PAD
    0x08001458   0x08001458   0x00000084   Code   RO         4032    CL$$btod_e2d        c_w.l(btod.o)
    0x080014dc   0x080014dc   0x000000dc   Code   RO         4031    CL$$btod_e2e        c_w.l(btod.o)
    0x080015b8   0x080015b8   0x0000002a   Code   RO         4028    CL$$btod_ediv       c_w.l(btod.o)
    0x080015e2   0x080015e2   0x0000002a   Code   RO         4030    CL$$btod_edivd      c_w.l(btod.o)
    0x0800160c   0x0800160c   0x0000002a   Code   RO         4027    CL$$btod_emul       c_w.l(btod.o)
    0x08001636   0x08001636   0x0000002a   Code   RO         4029    CL$$btod_emuld      c_w.l(btod.o)
    0x08001660   0x08001660   0x00000244   Code   RO         4033    CL$$btod_mult_common  c_w.l(btod.o)
    0x080018a4   0x080018a4   0x00000004   Code   RO            4    i.BusFault_Handler  stm32f4xx_it.o
    0x080018a8   0x080018a8   0x000000b8   Code   RO         2790    i.CAN1_RX0_IRQHandler  ugv_can.o
    0x08001960   0x08001960   0x00000064   Code   RO         2791    i.CAN1_Send         ugv_can.o
    0x080019c4   0x080019c4   0x000000a8   Code   RO         1408    i.CAN_ClearITPendingBit  stm32f4xx_can.o
    0x08001a6c   0x08001a6c   0x0000013c   Code   RO         2792    i.CAN_Config        ugv_can.o
    0x08001ba8   0x08001ba8   0x00000038   Code   RO         1410    i.CAN_DeInit        stm32f4xx_can.o
    0x08001be0   0x08001be0   0x00000108   Code   RO         1412    i.CAN_FilterInit    stm32f4xx_can.o
    0x08001ce8   0x08001ce8   0x00000120   Code   RO         1414    i.CAN_GetITStatus   stm32f4xx_can.o
    0x08001e08   0x08001e08   0x00000012   Code   RO         1418    i.CAN_ITConfig      stm32f4xx_can.o
    0x08001e1a   0x08001e1a   0x00000114   Code   RO         1419    i.CAN_Init          stm32f4xx_can.o
    0x08001f2e   0x08001f2e   0x000000e8   Code   RO         1422    i.CAN_Receive       stm32f4xx_can.o
    0x08002016   0x08002016   0x00000126   Code   RO         1427    i.CAN_Transmit      stm32f4xx_can.o
    0x0800213c   0x0800213c   0x000000a0   Code   RO         1428    i.CAN_TransmitStatus  stm32f4xx_can.o
    0x080021dc   0x080021dc   0x00000012   Code   RO         1430    i.CheckITStatus     stm32f4xx_can.o
    0x080021ee   0x080021ee   0x00000002   PAD
    0x080021f0   0x080021f0   0x0000001c   Code   RO         3341    i.DMA2_Stream1_IRQHandler  imu_rtxq.o
    0x0800220c   0x0800220c   0x00000034   Code   RO         2140    i.DMA_ClearITPendingBit  stm32f4xx_dma.o
    0x08002240   0x08002240   0x00000016   Code   RO         2141    i.DMA_Cmd           stm32f4xx_dma.o
    0x08002256   0x08002256   0x00000002   PAD
    0x08002258   0x08002258   0x00000058   Code   RO         2153    i.DMA_Init          stm32f4xx_dma.o
    0x080022b0   0x080022b0   0x00000002   Code   RO            5    i.DebugMon_Handler  stm32f4xx_it.o
    0x080022b2   0x080022b2   0x00000090   Code   RO          967    i.GPIO_Init         stm32f4xx_gpio.o
    0x08002342   0x08002342   0x00000046   Code   RO          968    i.GPIO_PinAFConfig  stm32f4xx_gpio.o
    0x08002388   0x08002388   0x00000008   Code   RO          977    i.GPIO_ToggleBits   stm32f4xx_gpio.o
    0x08002390   0x08002390   0x00000320   Code   RO         3342    i.Get_IMU_RQ        imu_rtxq.o
    0x080026b0   0x080026b0   0x000000a0   Code   RO         2959    i.Get_speed         inputcapture.o
    0x08002750   0x08002750   0x00000004   Code   RO            6    i.HardFault_Handler  stm32f4xx_it.o
    0x08002754   0x08002754   0x0000007c   Code   RO         2960    i.INCP_CONFIG       inputcapture.o
    0x080027d0   0x080027d0   0x000000dc   Code   RO         2961    i.INCP_GPIO_config  inputcapture.o
    0x080028ac   0x080028ac   0x0000005c   Code   RO         2962    i.INCP_TIMER_CONFIG  inputcapture.o
    0x08002908   0x08002908   0x00000022   Code   RO         3524    i.IWDG_Config       ugv_watchdog_timer.o
    0x0800292a   0x0800292a   0x00000002   PAD
    0x0800292c   0x0800292c   0x00000010   Code   RO         2629    i.IWDG_Enable       stm32f4xx_iwdg.o
    0x0800293c   0x0800293c   0x00000010   Code   RO         2631    i.IWDG_ReloadCounter  stm32f4xx_iwdg.o
    0x0800294c   0x0800294c   0x0000000c   Code   RO         2632    i.IWDG_SetPrescaler  stm32f4xx_iwdg.o
    0x08002958   0x08002958   0x0000000c   Code   RO         2633    i.IWDG_SetReload    stm32f4xx_iwdg.o
    0x08002964   0x08002964   0x0000000c   Code   RO         2634    i.IWDG_WriteAccessCmd  stm32f4xx_iwdg.o
    0x08002970   0x08002970   0x00000034   Code   RO          227    i.LED_Config        main.o
    0x080029a4   0x080029a4   0x00000004   Code   RO            7    i.MemManage_Handler  stm32f4xx_it.o
    0x080029a8   0x080029a8   0x00000200   Code   RO         2684    i.Motor_Control     ugv_pwm.o
    0x08002ba8   0x08002ba8   0x00000234   Code   RO         2685    i.Motor_Control_Speed  ugv_pwm.o
    0x08002ddc   0x08002ddc   0x00000002   Code   RO            8    i.NMI_Handler       stm32f4xx_it.o
    0x08002dde   0x08002dde   0x00000002   PAD
    0x08002de0   0x08002de0   0x00000078   Code   RO          491    i.NVIC_Init         misc.o
    0x08002e58   0x08002e58   0x00000028   Code   RO         2857    i.NVIC_SetPriorityGrouping  ugv_timer.o
    0x08002e80   0x08002e80   0x00000028   Code   RO         2963    i.NVIC_SetPriorityGrouping  inputcapture.o
    0x08002ea8   0x08002ea8   0x000000bc   Code   RO         2686    i.PWM_Init          ugv_pwm.o
    0x08002f64   0x08002f64   0x00000002   Code   RO            9    i.PendSV_Handler    stm32f4xx_it.o
    0x08002f66   0x08002f66   0x00000002   PAD
    0x08002f68   0x08002f68   0x00000020   Code   RO         1068    i.RCC_AHB1PeriphClockCmd  stm32f4xx_rcc.o
    0x08002f88   0x08002f88   0x00000020   Code   RO         1077    i.RCC_APB1PeriphClockCmd  stm32f4xx_rcc.o
    0x08002fa8   0x08002fa8   0x00000020   Code   RO         1079    i.RCC_APB1PeriphResetCmd  stm32f4xx_rcc.o
    0x08002fc8   0x08002fc8   0x00000020   Code   RO         1080    i.RCC_APB2PeriphClockCmd  stm32f4xx_rcc.o
    0x08002fe8   0x08002fe8   0x000000e8   Code   RO         1089    i.RCC_GetClocksFreq  stm32f4xx_rcc.o
    0x080030d0   0x080030d0   0x00000002   Code   RO           10    i.SVC_Handler       stm32f4xx_it.o
    0x080030d2   0x080030d2   0x00000002   PAD
    0x080030d4   0x080030d4   0x000000ec   Code   RO          186    i.SetSysClock       system_stm32f4xx.o
    0x080031c0   0x080031c0   0x0000000c   Code   RO          329    i.Str2Double        utils.o
    0x080031cc   0x080031cc   0x0000005c   Code   RO          338    i.String_Split      utils.o
    0x08003228   0x08003228   0x00000002   Code   RO           11    i.SysTick_Handler   stm32f4xx_it.o
    0x0800322a   0x0800322a   0x00000002   PAD
    0x0800322c   0x0800322c   0x00000068   Code   RO          188    i.SystemInit        system_stm32f4xx.o
    0x08003294   0x08003294   0x0000003a   Code   RO         1573    i.TI1_Config        stm32f4xx_tim.o
    0x080032ce   0x080032ce   0x00000050   Code   RO         1574    i.TI2_Config        stm32f4xx_tim.o
    0x0800331e   0x0800331e   0x00000048   Code   RO         1575    i.TI3_Config        stm32f4xx_tim.o
    0x08003366   0x08003366   0x00000050   Code   RO         1576    i.TI4_Config        stm32f4xx_tim.o
    0x080033b6   0x080033b6   0x00000002   PAD
    0x080033b8   0x080033b8   0x00000040   Code   RO         2964    i.TIM3_IRQHandler   inputcapture.o
    0x080033f8   0x080033f8   0x00000040   Code   RO         2965    i.TIM4_IRQHandler   inputcapture.o
    0x08003438   0x08003438   0x00000034   Code   RO         2858    i.TIM5_IRQHandler   ugv_timer.o
    0x0800346c   0x0800346c   0x00000078   Code   RO         2859    i.TIM6_DAC_IRQHandler  ugv_timer.o
    0x080034e4   0x080034e4   0x00000030   Code   RO         2860    i.TIM7_IRQHandler   ugv_timer.o
    0x08003514   0x08003514   0x00000028   Code   RO         2861    i.TIM8_UP_TIM13_IRQHandler  ugv_timer.o
    0x0800353c   0x0800353c   0x00000018   Code   RO         1577    i.TIM_ARRPreloadConfig  stm32f4xx_tim.o
    0x08003554   0x08003554   0x00000006   Code   RO         1584    i.TIM_ClearITPendingBit  stm32f4xx_tim.o
    0x0800355a   0x0800355a   0x00000018   Code   RO         1589    i.TIM_Cmd           stm32f4xx_tim.o
    0x08003572   0x08003572   0x00000022   Code   RO         1610    i.TIM_GetITStatus   stm32f4xx_tim.o
    0x08003594   0x08003594   0x0000006e   Code   RO         1612    i.TIM_ICInit        stm32f4xx_tim.o
    0x08003602   0x08003602   0x00000012   Code   RO         1614    i.TIM_ITConfig      stm32f4xx_tim.o
    0x08003614   0x08003614   0x0000007c   Code   RO         1618    i.TIM_OC1Init       stm32f4xx_tim.o
    0x08003690   0x08003690   0x00000012   Code   RO         1621    i.TIM_OC1PreloadConfig  stm32f4xx_tim.o
    0x080036a2   0x080036a2   0x00000002   PAD
    0x080036a4   0x080036a4   0x000000a4   Code   RO         1623    i.TIM_OC2Init       stm32f4xx_tim.o
    0x08003748   0x08003748   0x0000001a   Code   RO         1626    i.TIM_OC2PreloadConfig  stm32f4xx_tim.o
    0x08003762   0x08003762   0x00000012   Code   RO         1656    i.TIM_SetIC1Prescaler  stm32f4xx_tim.o
    0x08003774   0x08003774   0x0000001a   Code   RO         1657    i.TIM_SetIC2Prescaler  stm32f4xx_tim.o
    0x0800378e   0x0800378e   0x00000012   Code   RO         1658    i.TIM_SetIC3Prescaler  stm32f4xx_tim.o
    0x080037a0   0x080037a0   0x0000001a   Code   RO         1659    i.TIM_SetIC4Prescaler  stm32f4xx_tim.o
    0x080037ba   0x080037ba   0x00000002   PAD
    0x080037bc   0x080037bc   0x00000084   Code   RO         1661    i.TIM_TimeBaseInit  stm32f4xx_tim.o
    0x08003840   0x08003840   0x00000068   Code   RO         2862    i.Timer_Control     ugv_timer.o
    0x080038a8   0x080038a8   0x00000088   Code   RO         2863    i.Timer_Motor       ugv_timer.o
    0x08003930   0x08003930   0x00000064   Code   RO         2865    i.Timer_TransData   ugv_timer.o
    0x08003994   0x08003994   0x00000120   Code   RO         3343    i.USART6_Rx_DMA     imu_rtxq.o
    0x08003ab4   0x08003ab4   0x00000018   Code   RO          778    i.USART_Cmd         stm32f4xx_usart.o
    0x08003acc   0x08003acc   0x00000012   Code   RO          779    i.USART_DMACmd      stm32f4xx_usart.o
    0x08003ade   0x08003ade   0x00000002   PAD
    0x08003ae0   0x08003ae0   0x000000d4   Code   RO          785    i.USART_Init        stm32f4xx_usart.o
    0x08003bb4   0x08003bb4   0x00000004   Code   RO           12    i.UsageFault_Handler  stm32f4xx_it.o
    0x08003bb8   0x08003bb8   0x000000f8   Code   RO         4080    i.__hardfp___mathlib_tofloat  m_wm.l(narrow.o)
    0x08003cb0   0x08003cb0   0x00000038   Code   RO         3688    i.__hardfp_atof     m_wm.l(atof.o)
    0x08003ce8   0x08003ce8   0x000000d0   Code   RO         4130    i.__hardfp_ldexp    m_wm.l(ldexp.o)
    0x08003db8   0x08003db8   0x00000020   Code   RO         3868    i.__mathlib_dbl_overflow  m_wm.l(dunder.o)
    0x08003dd8   0x08003dd8   0x00000020   Code   RO         3870    i.__mathlib_dbl_underflow  m_wm.l(dunder.o)
    0x08003df8   0x08003df8   0x00000012   Code   RO         4081    i.__mathlib_narrow  m_wm.l(narrow.o)
    0x08003e0a   0x08003e0a   0x00000014   Code   RO         4132    i.__support_ldexp   m_wm.l(ldexp.o)
    0x08003e1e   0x08003e1e   0x0000000e   Code   RO         3988    i._is_digit         c_w.l(scanf_fp.o)
    0x08003e2c   0x08003e2c   0x0000005c   Code   RO         2866    i.delay_01ms        ugv_timer.o
    0x08003e88   0x08003e88   0x0000008c   Code   RO         4105    i.frexp             m_wm.l(frexp.o)
    0x08003f14   0x08003f14   0x00000042   Code   RO          228    i.main              main.o
    0x08003f56   0x08003f56   0x00000002   PAD
    0x08003f58   0x08003f58   0x0000002c   Code   RO         3953    locale$$code        c_w.l(lc_numeric_c.o)
    0x08003f84   0x08003f84   0x0000002c   Code   RO         3991    locale$$code        c_w.l(lc_ctype_c.o)
    0x08003fb0   0x08003fb0   0x00000018   Code   RO         3626    x$fpl$basic         fz_wm.l(basic.o)
    0x08003fc8   0x08003fc8   0x00000062   Code   RO         3628    x$fpl$d2f           fz_wm.l(d2f.o)
    0x0800402a   0x0800402a   0x00000002   PAD
    0x0800402c   0x0800402c   0x00000150   Code   RO         3630    x$fpl$dadd          fz_wm.l(daddsub_clz.o)
    0x0800417c   0x0800417c   0x00000010   Code   RO         3964    x$fpl$dcheck1       fz_wm.l(dcheck1.o)
    0x0800418c   0x0800418c   0x00000018   Code   RO         3832    x$fpl$dcmpinf       fz_wm.l(dcmpi.o)
    0x080041a4   0x080041a4   0x000002b0   Code   RO         3637    x$fpl$ddiv          fz_wm.l(ddiv.o)
    0x08004454   0x08004454   0x00000078   Code   RO         3640    x$fpl$deqf          fz_wm.l(deqf.o)
    0x080044cc   0x080044cc   0x0000005e   Code   RO         3642    x$fpl$dfix          fz_wm.l(dfix.o)
    0x0800452a   0x0800452a   0x0000002e   Code   RO         3651    x$fpl$dflt          fz_wm.l(dflt_clz.o)
    0x08004558   0x08004558   0x00000078   Code   RO         3656    x$fpl$dleqf         fz_wm.l(dleqf.o)
    0x080045d0   0x080045d0   0x00000154   Code   RO         3658    x$fpl$dmul          fz_wm.l(dmul.o)
    0x08004724   0x08004724   0x0000009c   Code   RO         3834    x$fpl$dnaninf       fz_wm.l(dnaninf.o)
    0x080047c0   0x080047c0   0x0000000c   Code   RO         3836    x$fpl$dretinf       fz_wm.l(dretinf.o)
    0x080047cc   0x080047cc   0x0000006c   Code   RO         3660    x$fpl$drleqf        fz_wm.l(drleqf.o)
    0x08004838   0x08004838   0x00000016   Code   RO         3631    x$fpl$drsb          fz_wm.l(daddsub_clz.o)
    0x0800484e   0x0800484e   0x00000002   PAD
    0x08004850   0x08004850   0x000001d4   Code   RO         3632    x$fpl$dsub          fz_wm.l(daddsub_clz.o)
    0x08004a24   0x08004a24   0x00000056   Code   RO         3662    x$fpl$f2d           fz_wm.l(f2d.o)
    0x08004a7a   0x08004a7a   0x0000008c   Code   RO         3840    x$fpl$fnaninf       fz_wm.l(fnaninf.o)
    0x08004b06   0x08004b06   0x0000000a   Code   RO         3966    x$fpl$fpinit        fz_wm.l(fpinit.o)
    0x08004b10   0x08004b10   0x0000000a   Code   RO         3842    x$fpl$fretinf       fz_wm.l(fretinf.o)
    0x08004b1a   0x08004b1a   0x00000006   Code   RO         4070    x$fpl$ieeestatus    fz_wm.l(istatus.o)
    0x08004b20   0x08004b20   0x00000064   Code   RO         4011    x$fpl$retnan        fz_wm.l(retnan.o)
    0x08004b84   0x08004b84   0x0000005c   Code   RO         3844    x$fpl$scalbn        fz_wm.l(scalbn.o)
    0x08004be0   0x08004be0   0x00000004   Code   RO         3968    x$fpl$scanf1        fz_wm.l(scanf1.o)
    0x08004be4   0x08004be4   0x00000008   Code   RO         4072    x$fpl$scanf2        fz_wm.l(scanf2.o)
    0x08004bec   0x08004bec   0x00000030   Code   RO         4078    x$fpl$trapveneer    fz_wm.l(trapv.o)
    0x08004c1c   0x08004c1c   0x00000000   Code   RO         3846    x$fpl$usenofp       fz_wm.l(usenofp.o)
    0x08004c1c   0x08004c1c   0x00000094   Data   RO         4022    .constdata          c_w.l(bigflt0.o)
    0x08004cb0   0x08004cb0   0x00000020   Data   RO         4146    Region$$Table       anon$$obj.o
    0x08004cd0   0x08004cd0   0x00000008   Data   RO         4066    c$$dinf             fz_wm.l(fpconst.o)
    0x08004cd8   0x08004cd8   0x00000008   Data   RO         4069    c$$dmax             fz_wm.l(fpconst.o)
    0x08004ce0   0x08004ce0   0x0000001c   Data   RO         3952    locale$$data        c_w.l(lc_numeric_c.o)
    0x08004cfc   0x08004cfc   0x00000110   Data   RO         3990    locale$$data        c_w.l(lc_ctype_c.o)


    Execution Region ER_RW (Exec base: 0x20000000, Load base: 0x08004e0c, Size: 0x0000013c, Max: 0xffffffff, ABSOLUTE, COMPRESSED[0x0000001c])

    Exec Addr    Load Addr    Size         Type   Attr      Idx    E Section Name        Object

    0x20000000   COMPRESSED   0x00000010   Data   RW         1121    .data               stm32f4xx_rcc.o
    0x20000010   COMPRESSED   0x000000a8   Data   RW         2688    .data               ugv_pwm.o
    0x200000b8   COMPRESSED   0x0000002c   Data   RW         2795    .data               ugv_can.o
    0x200000e4   COMPRESSED   0x00000012   Data   RW         2868    .data               ugv_timer.o
    0x200000f6   COMPRESSED   0x00000002   PAD
    0x200000f8   COMPRESSED   0x0000000c   Data   RW         2967    .data               inputcapture.o
    0x20000104   COMPRESSED   0x00000038   Data   RW         3346    .data               imu_rtxq.o


    Execution Region ER_ZI (Exec base: 0x2000013c, Load base: 0x08004e28, Size: 0x0000086c, Max: 0xffffffff, ABSOLUTE)

    Exec Addr    Load Addr    Size         Type   Attr      Idx    E Section Name        Object

    0x2000013c   0x08004e28   0x00000004   PAD
    0x20000140        -       0x00000058   Zero   RW         2687    .bss                ugv_pwm.o
    0x20000198        -       0x00000014   Zero   RW         2794    .bss                ugv_can.o
    0x200001ac        -       0x000000ac   Zero   RW         2867    .bss                ugv_timer.o
    0x20000258        -       0x00000016   Zero   RW         2966    .bss                inputcapture.o
    0x2000026e        -       0x000000d4   Zero   RW         3345    .bss                imu_rtxq.o
    0x20000342   0x08004e28   0x00000002   PAD
    0x20000344        -       0x00000060   Zero   RW         3919    .bss                c_w.l(libspace.o)
    0x200003a4   0x08004e28   0x00000004   PAD
    0x200003a8        -       0x00000200   Zero   RW          537    HEAP                startup_stm32f40xx.o
    0x200005a8        -       0x00000400   Zero   RW          536    STACK               startup_stm32f40xx.o


==============================================================================

Image component sizes


      Code (inc. data)   RO Data    RW Data    ZI Data      Debug   Object Name

      1116        130          0         56        212       5199   imu_rtxq.o
       764         98          0         12         22       4254   inputcapture.o
       118          4          0          0          0       4168   main.o
       120         14          0          0          0       1108   misc.o
        64         26        392          0       1536        916   startup_stm32f40xx.o
      1774         44          0          0          0       8180   stm32f4xx_can.o
       162         20          0          0          0       3201   stm32f4xx_dma.o
       222          0          0          0          0       2509   stm32f4xx_gpio.o
        26          0          0          0          0     316746   stm32f4xx_it.o
        68         30          0          0          0       2758   stm32f4xx_iwdg.o
       360         42          0         16          0       5520   stm32f4xx_rcc.o
      1058         48          0          0          0      13664   stm32f4xx_tim.o
       254          8          0          0          0       2844   stm32f4xx_usart.o
       340         32          0          0          0       1497   system_stm32f4xx.o
       600         68          0         44         20      29894   ugv_can.o
      1264         90          0        168         88       4474   ugv_pwm.o
       732         86          0         18        172       6906   ugv_timer.o
        34          0          0          0          0        530   ugv_watchdog_timer.o
       104          0          0          0          0       1740   utils.o

    ----------------------------------------------------------------------
      9204        740        424        316       2056     416108   Object Totals
         0          0         32          0          0          0   (incl. Generated)
        24          0          0          2          6          0   (incl. Padding)

    ----------------------------------------------------------------------

      Code (inc. data)   RO Data    RW Data    ZI Data      Debug   Library Member Name

        90          0          0          0          0          0   __dczerorl2.o
         8          0          0          0          0         68   __main.o
         0          0          0          0          0          0   __rtentry.o
        12          0          0          0          0          0   __rtentry2.o
         6          0          0          0          0          0   __rtentry4.o
        52          8          0          0          0          0   __scatter.o
        28          0          0          0          0          0   __scatter_zi.o
        28          0          0          0          0         68   _chval.o
        22          0          0          0          0        100   _rserrno.o
        64          0          0          0          0         84   _sgetc.o
       228          4        148          0          0         96   bigflt0.o
      1924        136          0          0          0        756   btod.o
        18          0          0          0          0         80   exit.o
         6          0          0          0          0        152   heapauxi.o
         0          0          0          0          0          0   indicate_semi.o
        18          0          0          0          0         76   isspace.o
        44         10        272          0          0         76   lc_ctype_c.o
        44         10         28          0          0         76   lc_numeric_c.o
         2          0          0          0          0          0   libinit.o
        34          0          0          0          0          0   libinit2.o
         2          0          0          0          0          0   libshutdown.o
         2          0          0          0          0          0   libshutdown2.o
         8          4          0          0         96         68   libspace.o
        38          0          0          0          0         68   llshl.o
        16          4          0          0          0         76   rt_ctype_table.o
         8          4          0          0          0         68   rt_errno_addr_intlibspace.o
         8          4          0          0          0         68   rt_locale_intlibspace.o
        68          0          0          0          0         68   rt_memclr.o
        78          0          0          0          0         80   rt_memclr_w.o
       138          0          0          0          0         68   rt_memcpy_v6.o
       100          0          0          0          0         80   rt_memcpy_w.o
         2          0          0          0          0          0   rtexit.o
        10          0          0          0          0          0   rtexit2.o
      1286         16          0          0          0        236   scanf_fp.o
       800         14          0          0          0        100   scanf_hexfp.o
       308         16          0          0          0        100   scanf_infnan.o
       128          0          0          0          0         68   strcmpv7m.o
        62          0          0          0          0         76   strlen.o
       164         14          0          0          0        120   strtod.o
        12          4          0          0          0         68   sys_exit.o
        74          0          0          0          0         80   sys_stackheap_outer.o
         2          0          0          0          0         68   use_no_semi.o
        24          0          0          0          0        164   basic.o
        98          4          0          0          0        140   d2f.o
       826         16          0          0          0        492   daddsub_clz.o
        16          4          0          0          0        116   dcheck1.o
        24          0          0          0          0        116   dcmpi.o
       688        140          0          0          0        256   ddiv.o
       120          4          0          0          0        140   deqf.o
        94          4          0          0          0        140   dfix.o
        46          0          0          0          0        116   dflt_clz.o
       120          4          0          0          0        140   dleqf.o
       340         12          0          0          0        152   dmul.o
       156          4          0          0          0        140   dnaninf.o
        12          0          0          0          0        116   dretinf.o
       108          0          0          0          0        128   drleqf.o
        86          4          0          0          0        132   f2d.o
       140          4          0          0          0        132   fnaninf.o
         0          0         16          0          0          0   fpconst.o
        10          0          0          0          0        116   fpinit.o
        10          0          0          0          0        116   fretinf.o
         6          0          0          0          0        116   istatus.o
       100          0          0          0          0        116   retnan.o
        92          0          0          0          0        116   scalbn.o
         4          0          0          0          0        116   scanf1.o
         8          0          0          0          0        132   scanf2.o
        48          0          0          0          0        116   trapv.o
         0          0          0          0          0          0   usenofp.o
        56         12          0          0          0        132   atof.o
        64         16          0          0          0        248   dunder.o
       140         22          0          0          0        132   frexp.o
       228          8          0          0          0        308   ldexp.o
       266         16          0          0          0        308   narrow.o

    ----------------------------------------------------------------------
      9888        524        464          0        100       7884   Library Totals
        16          2          0          0          4          0   (incl. Padding)

    ----------------------------------------------------------------------

      Code (inc. data)   RO Data    RW Data    ZI Data      Debug   Library Name

      5942        248        448          0         96       3192   c_w.l
      3176        200         16          0          0       3564   fz_wm.l
       754         74          0          0          0       1128   m_wm.l

    ----------------------------------------------------------------------
      9888        524        464          0        100       7884   Library Totals

    ----------------------------------------------------------------------

==============================================================================


      Code (inc. data)   RO Data    RW Data    ZI Data      Debug   

     19092       1264        888        316       2156     410476   Grand Totals
     19092       1264        888         28       2156     410476   ELF Image Totals (compressed)
     19092       1264        888         28          0          0   ROM Totals

==============================================================================

    Total RO  Size (Code + RO Data)                19980 (  19.51kB)
    Total RW  Size (RW Data + ZI Data)              2472 (   2.41kB)
    Total ROM Size (Code + RO Data + RW Data)      20008 (  19.54kB)

==============================================================================

